Archive member included to satisfy reference by file (symbol)

D:/code_and_stuff/tools/mingw/ucrt64/bin/../lib/gcc/x86_64-w64-mingw32/15.2.0/../../../../lib/libmingw32.a(lib64_libmingw32_a-gccmain.o)
                              D:/code_and_stuff/tools/mingw/ucrt64/bin/../lib/gcc/x86_64-w64-mingw32/15.2.0/../../../../lib/crt2.o (__main)
D:/code_and_stuff/tools/mingw/ucrt64/bin/../lib/gcc/x86_64-w64-mingw32/15.2.0/../../../../lib/libmingw32.a(lib64_libmingw32_a-natstart.o)
                              D:/code_and_stuff/tools/mingw/ucrt64/bin/../lib/gcc/x86_64-w64-mingw32/15.2.0/../../../../lib/crt2.o (__native_startup_lock)
D:/code_and_stuff/tools/mingw/ucrt64/bin/../lib/gcc/x86_64-w64-mingw32/15.2.0/../../../../lib/libmingw32.a(lib64_libmingw32_a-wildcard.o)
                              D:/code_and_stuff/tools/mingw/ucrt64/bin/../lib/gcc/x86_64-w64-mingw32/15.2.0/../../../../lib/crt2.o (_dowildcard)
D:/code_and_stuff/tools/mingw/ucrt64/bin/../lib/gcc/x86_64-w64-mingw32/15.2.0/../../../../lib/libmingw32.a(lib64_libmingw32_a-dllargv.o)
                              D:/code_and_stuff/tools/mingw/ucrt64/bin/../lib/gcc/x86_64-w64-mingw32/15.2.0/../../../../lib/crt2.o (_setargv)
D:/code_and_stuff/tools/mingw/ucrt64/bin/../lib/gcc/x86_64-w64-mingw32/15.2.0/../../../../lib/libmingw32.a(lib64_libmingw32_a-_newmode.o)
                              D:/code_and_stuff/tools/mingw/ucrt64/bin/../lib/gcc/x86_64-w64-mingw32/15.2.0/../../../../lib/crt2.o (_newmode)
D:/code_and_stuff/tools/mingw/ucrt64/bin/../lib/gcc/x86_64-w64-mingw32/15.2.0/../../../../lib/libmingw32.a(lib64_libmingw32_a-tlssup.o)
                              D:/code_and_stuff/tools/mingw/ucrt64/bin/../lib/gcc/x86_64-w64-mingw32/15.2.0/../../../../lib/crt2.o (__mingw_initltssuo_force)
D:/code_and_stuff/tools/mingw/ucrt64/bin/../lib/gcc/x86_64-w64-mingw32/15.2.0/../../../../lib/libmingw32.a(lib64_libmingw32_a-xncommod.o)
                              D:/code_and_stuff/tools/mingw/ucrt64/bin/../lib/gcc/x86_64-w64-mingw32/15.2.0/../../../../lib/crt2.o (_commode)
D:/code_and_stuff/tools/mingw/ucrt64/bin/../lib/gcc/x86_64-w64-mingw32/15.2.0/../../../../lib/libmingw32.a(lib64_libmingw32_a-cinitexe.o)
                              D:/code_and_stuff/tools/mingw/ucrt64/bin/../lib/gcc/x86_64-w64-mingw32/15.2.0/../../../../lib/crt2.o (__xc_z)
D:/code_and_stuff/tools/mingw/ucrt64/bin/../lib/gcc/x86_64-w64-mingw32/15.2.0/../../../../lib/libmingw32.a(lib64_libmingw32_a-merr.o)
                              D:/code_and_stuff/tools/mingw/ucrt64/bin/../lib/gcc/x86_64-w64-mingw32/15.2.0/../../../../lib/crt2.o (_matherr)
D:/code_and_stuff/tools/mingw/ucrt64/bin/../lib/gcc/x86_64-w64-mingw32/15.2.0/../../../../lib/libmingw32.a(lib64_libmingw32_a-xthdloc.o)
                              D:/code_and_stuff/tools/mingw/ucrt64/bin/../lib/gcc/x86_64-w64-mingw32/15.2.0/../../../../lib/crt2.o (__globallocalestatus)
D:/code_and_stuff/tools/mingw/ucrt64/bin/../lib/gcc/x86_64-w64-mingw32/15.2.0/../../../../lib/libmingw32.a(lib64_libmingw32_a-mingw_helpers.o)
                              D:/code_and_stuff/tools/mingw/ucrt64/bin/../lib/gcc/x86_64-w64-mingw32/15.2.0/../../../../lib/crt2.o (__mingw_app_type)
D:/code_and_stuff/tools/mingw/ucrt64/bin/../lib/gcc/x86_64-w64-mingw32/15.2.0/../../../../lib/libmingw32.a(lib64_libmingw32_a-pseudo-reloc.o)
                              D:/code_and_stuff/tools/mingw/ucrt64/bin/../lib/gcc/x86_64-w64-mingw32/15.2.0/../../../../lib/crt2.o (_pei386_runtime_relocator)
D:/code_and_stuff/tools/mingw/ucrt64/bin/../lib/gcc/x86_64-w64-mingw32/15.2.0/../../../../lib/libmingw32.a(lib64_libmingw32_a-usermatherr.o)
                              D:/code_and_stuff/tools/mingw/ucrt64/bin/../lib/gcc/x86_64-w64-mingw32/15.2.0/../../../../lib/crt2.o (__mingw_setusermatherr)
D:/code_and_stuff/tools/mingw/ucrt64/bin/../lib/gcc/x86_64-w64-mingw32/15.2.0/../../../../lib/libmingw32.a(lib64_libmingw32_a-xtxtmode.o)
                              D:/code_and_stuff/tools/mingw/ucrt64/bin/../lib/gcc/x86_64-w64-mingw32/15.2.0/../../../../lib/crt2.o (_fmode)
D:/code_and_stuff/tools/mingw/ucrt64/bin/../lib/gcc/x86_64-w64-mingw32/15.2.0/../../../../lib/libmingw32.a(lib64_libmingw32_a-crt_handler.o)
                              D:/code_and_stuff/tools/mingw/ucrt64/bin/../lib/gcc/x86_64-w64-mingw32/15.2.0/../../../../lib/crt2.o (_gnu_exception_handler)
D:/code_and_stuff/tools/mingw/ucrt64/bin/../lib/gcc/x86_64-w64-mingw32/15.2.0/../../../../lib/libmingw32.a(lib64_libmingw32_a-tlsthrd.o)
                              D:/code_and_stuff/tools/mingw/ucrt64/bin/../lib/gcc/x86_64-w64-mingw32/15.2.0/../../../../lib/libmingw32.a(lib64_libmingw32_a-tlssup.o) (__mingw_TLScallback)
D:/code_and_stuff/tools/mingw/ucrt64/bin/../lib/gcc/x86_64-w64-mingw32/15.2.0/../../../../lib/libmingw32.a(lib64_libmingw32_a-tlsmcrt.o)
                              D:/code_and_stuff/tools/mingw/ucrt64/bin/../lib/gcc/x86_64-w64-mingw32/15.2.0/../../../../lib/libmingw32.a(lib64_libmingw32_a-tlssup.o) (_CRT_MT)
[...]
Memory Configuration

Name             Origin             Length             Attributes
*default*        0x0000000000000000 0xffffffffffffffff

Linker script and memory map

                0x0000000140000000                __image_base__ = 0x140000000
                0x0000000000000000                __dll__ = 0x0
                0x0000000140000000                __ImageBase = 0x140000000
                0x0000000000001000                __section_alignment__ = 0x1000
                0x0000000000000200                __file_alignment__ = 0x200
                0x0000000000000004                __major_os_version__ = 0x4
                0x0000000000000000                __minor_os_version__ = 0x0
                0x0000000000000000                __major_image_version__ = 0x0
                0x0000000000000000                __minor_image_version__ = 0x0
                0x0000000000000005                __major_subsystem_version__ = 0x5
                0x0000000000000002                __minor_subsystem_version__ = 0x2
                0x0000000000000003                __subsystem__ = 0x3
                0x0000000000200000                __size_of_stack_reserve__ = 0x200000
                0x0000000000001000                __size_of_stack_commit__ = 0x1000
                0x0000000000100000                __size_of_heap_reserve__ = 0x100000
                0x0000000000001000                __size_of_heap_commit__ = 0x1000
                0x0000000000000000                __loader_flags__ = 0x0
                0x0000000000000160                __dll_characteristics__ = 0x160
LOAD D:/code_and_stuff/tools/mingw/ucrt64/bin/../lib/gcc/x86_64-w64-mingw32/15.2.0/../../../../lib/crt2.o
LOAD D:/code_and_stuff/tools/mingw/ucrt64/bin/../lib/gcc/x86_64-w64-mingw32/15.2.0/crtbegin.o
LOAD intermediates/objects/cliArgs.o
LOAD intermediates/objects/dsa.o
LOAD intermediates/objects/morse.o
LOAD intermediates/objects/structs.o
LOAD D:/code_and_stuff/tools/mingw/ucrt64/bin/../lib/gcc/x86_64-w64-mingw32/15.2.0/../../../../lib/libmingw32.a
LOAD D:/code_and_stuff/tools/mingw/ucrt64/bin/../lib/gcc/x86_64-w64-mingw32/15.2.0/libgcc.a
LOAD D:/code_and_stuff/tools/mingw/ucrt64/bin/../lib/gcc/x86_64-w64-mingw32/15.2.0/libgcc_eh.a
LOAD D:/code_and_stuff/tools/mingw/ucrt64/bin/../lib/gcc/x86_64-w64-mingw32/15.2.0/../../../../lib/libmingwex.a
LOAD D:/code_and_stuff/tools/mingw/ucrt64/bin/../lib/gcc/x86_64-w64-mingw32/15.2.0/../../../../lib/libmsvcrt.a
LOAD D:/code_and_stuff/tools/mingw/ucrt64/bin/../lib/gcc/x86_64-w64-mingw32/15.2.0/../../../../lib/libkernel32.a
LOAD D:/code_and_stuff/tools/mingw/ucrt64/bin/../lib/gcc/x86_64-w64-mingw32/15.2.0/../../../../lib/libpthread.dll.a
LOAD D:/code_and_stuff/tools/mingw/ucrt64/bin/../lib/gcc/x86_64-w64-mingw32/15.2.0/../../../../lib/libadvapi32.a
LOAD D:/code_and_stuff/tools/mingw/ucrt64/bin/../lib/gcc/x86_64-w64-mingw32/15.2.0/../../../../lib/libshell32.a
LOAD D:/code_and_stuff/tools/mingw/ucrt64/bin/../lib/gcc/x86_64-w64-mingw32/15.2.0/../../../../lib/libuser32.a
LOAD D:/code_and_stuff/tools/mingw/ucrt64/bin/../lib/gcc/x86_64-w64-mingw32/15.2.0/../../../../lib/libkernel32.a
LOAD D:/code_and_stuff/tools/mingw/ucrt64/bin/../lib/gcc/x86_64-w64-mingw32/15.2.0/../../../../lib/libmingw32.a
LOAD D:/code_and_stuff/tools/mingw/ucrt64/bin/../lib/gcc/x86_64-w64-mingw32/15.2.0/libgcc.a
LOAD D:/code_and_stuff/tools/mingw/ucrt64/bin/../lib/gcc/x86_64-w64-mingw32/15.2.0/libgcc_eh.a
LOAD D:/code_and_stuff/tools/mingw/ucrt64/bin/../lib/gcc/x86_64-w64-mingw32/15.2.0/../../../../lib/libmingwex.a
LOAD D:/code_and_stuff/tools/mingw/ucrt64/bin/../lib/gcc/x86_64-w64-mingw32/15.2.0/../../../../lib/libmsvcrt.a
LOAD D:/code_and_stuff/tools/mingw/ucrt64/bin/../lib/gcc/x86_64-w64-mingw32/15.2.0/../../../../lib/libkernel32.a
LOAD D:/code_and_stuff/tools/mingw/ucrt64/bin/../lib/gcc/x86_64-w64-mingw32/15.2.0/../../../../lib/default-manifest.o
LOAD D:/code_and_stuff/tools/mingw/ucrt64/bin/../lib/gcc/x86_64-w64-mingw32/15.2.0/crtend.o
                0x0000000000000480                . = SIZEOF_HEADERS
                0x0000000000001000                . = ALIGN (__section_alignment__)

.text           0x0000000140001000     0x2e00
 *(SORT_NONE(.init))
 *(.text)
 .text          0x0000000140001000      0x430 D:/code_and_stuff/tools/mingw/ucrt64/bin/../lib/gcc/x86_64-w64-mingw32/15.2.0/../../../../lib/crt2.o
                0x00000001400013e0                WinMainCRTStartup
                0x0000000140001400                mainCRTStartup
                0x0000000140001420                atexit
 .text          0x0000000140001430       0x20 D:/code_and_stuff/tools/mingw/ucrt64/bin/../lib/gcc/x86_64-w64-mingw32/15.2.0/crtbegin.o
                0x0000000140001430                __gcc_register_frame
                0x0000000140001440                __gcc_deregister_frame
 .text          0x0000000140001450      0x7d0 intermediates/objects/cliArgs.o
                0x0000000140001450                readToken
                0x000000014000155b                runCtfMode
                0x0000000140001744                runRealMode
                0x0000000140001913                cliParser
 .text          0x0000000140001c20      0x950 intermediates/objects/dsa.o
                0x0000000140001c20                insertQueue
                0x0000000140001ce7                printQueue
                0x0000000140001d3c                popQueue
                0x0000000140001df6                traverseTree
                0x0000000140001e87                insertTree
                0x0000000140001f38                printDataPreOrder
                0x0000000140001fb6                printDataInOrder
                0x0000000140002034                pushStack
                0x00000001400020bd                popStack
                0x0000000140002147                peekStack
                0x000000014000219f                isStackEmpty
                0x00000001400021b4                clearStack
                0x00000001400021e9                stackSize
                0x000000014000221e                printStack
                0x00000001400022af                reverseStack
                0x000000014000235d                duplicateTop
                0x00000001400023cc                stackToString
                0x00000001400024d3                pushMultiple
 .text          0x0000000140002570      0x1d0 intermediates/objects/morse.o
                0x0000000140002570                giveAddress
                0x0000000140002641                readFile
                0x000000014000270d                main
 .text          0x0000000140002740       0xf0 intermediates/objects/structs.o
                0x0000000140002740                createNode
                0x00000001400027de                deleteTree
 .text          0x0000000140002830       0xf0 D:/code_and_stuff/tools/mingw/ucrt64/bin/../lib/gcc/x86_64-w64-mingw32/15.2.0/../../../../lib/libmingw32.a(lib64_libmingw32_a-gccmain.o)
                0x0000000140002830                __do_global_dtors
                0x0000000140002880                __do_global_ctors
                0x0000000140002900                __main
 .text          0x0000000140002920        0x0 D:/code_and_stuff/tools/mingw/ucrt64/bin/../lib/gcc/x86_64-w64-mingw32/15.2.0/../../../../lib/libmingw32.a(lib64_libmingw32_a-natstart.o)
 .text          0x0000000140002920        0x0 D:/code_and_stuff/tools/mingw/ucrt64/bin/../lib/gcc/x86_64-w64-mingw32/15.2.0/../../../../lib/libmingw32.a(lib64_libmingw32_a-wildcard.o)
 .text          0x0000000140002920       0x10 D:/code_and_stuff/tools/mingw/ucrt64/bin/../lib/gcc/x86_64-w64-mingw32/15.2.0/../../../../lib/libmingw32.a(lib64_libmingw32_a-dllargv.o)
                0x0000000140002920                _setargv
 .text          0x0000000140002930        0x0 D:/code_and_stuff/tools/mingw/ucrt64/bin/../lib/gcc/x86_64-w64-mingw32/15.2.0/../../../../lib/libmingw32.a(lib64_libmingw32_a-_newmode.o)
 .text          0x0000000140002930       0xb0 D:/code_and_stuff/tools/mingw/ucrt64/bin/../lib/gcc/x86_64-w64-mingw32/15.2.0/../../../../lib/libmingw32.a(lib64_libmingw32_a-tlssup.o)
                0x0000000140002930                __dyn_tls_dtor
                0x0000000140002950                __dyn_tls_init
                0x00000001400029d0                __tlregdtor
 .text          0x00000001400029e0        0x0 D:/code_and_stuff/tools/mingw/ucrt64/bin/../lib/gcc/x86_64-w64-mingw32/15.2.0/../../../../lib/libmingw32.a(lib64_libmingw32_a-xncommod.o)
 .text          0x00000001400029e0        0x0 D:/code_and_stuff/tools/mingw/ucrt64/bin/../lib/gcc/x86_64-w64-mingw32/15.2.0/../../../../lib/libmingw32.a(lib64_libmingw32_a-cinitexe.o)
 .text          0x00000001400029e0      0x100 D:/code_and_stuff/tools/mingw/ucrt64/bin/../lib/gcc/x86_64-w64-mingw32/15.2.0/../../../../lib/libmingw32.a(lib64_libmingw32_a-merr.o)
                0x00000001400029e0                _matherr
 .text          0x0000000140002ae0        0x0 D:/code_and_stuff/tools/mingw/ucrt64/bin/../lib/gcc/x86_64-w64-mingw32/15.2.0/../../../../lib/libmingw32.a(lib64_libmingw32_a-xthdloc.o)
 .text          0x0000000140002ae0        0x0 D:/code_and_stuff/tools/mingw/ucrt64/bin/../lib/gcc/x86_64-w64-mingw32/15.2.0/../../../../lib/libmingw32.a(lib64_libmingw32_a-mingw_helpers.o)
 .text          0x0000000140002ae0      0x560 D:/code_and_stuff/tools/mingw/ucrt64/bin/../lib/gcc/x86_64-w64-mingw32/15.2.0/../../../../lib/libmingw32.a(lib64_libmingw32_a-pseudo-reloc.o)
                0x0000000140002cb0                _pei386_runtime_relocator
 .text          0x0000000140003040       0x50 D:/code_and_stuff/tools/mingw/ucrt64/bin/../lib/gcc/x86_64-w64-mingw32/15.2.0/../../../../lib/libmingw32.a(lib64_libmingw32_a-usermatherr.o)
                0x0000000140003040                __mingw_raise_matherr
                0x0000000140003080                __mingw_setusermatherr
 .text          0x0000000140003090        0x0 D:/code_and_stuff/tools/mingw/ucrt64/bin/../lib/gcc/x86_64-w64-mingw32/15.2.0/../../../../lib/libmingw32.a(lib64_libmingw32_a-xtxtmode.o)
 .text          0x0000000140003090      0x1c0 D:/code_and_stuff/tools/mingw/ucrt64/bin/../lib/gcc/x86_64-w64-mingw32/15.2.0/../../../../lib/libmingw32.a(lib64_libmingw32_a-crt_handler.o)
                0x0000000140003090                _gnu_exception_handler
 *fill*         0x0000000140003250       0x10 
 .text          0x0000000140003260      0x2a0 D:/code_and_stuff/tools/mingw/ucrt64/bin/../lib/gcc/x86_64-w64-mingw32/15.2.0/../../../../lib/libmingw32.a(lib64_libmingw32_a-tlsthrd.o)
                0x00000001400032d0                ___w64_mingwthr_add_key_dtor
                0x0000000140003360                ___w64_mingwthr_remove_key_dtor
                0x00000001400033f0                __mingw_TLScallback
 .text          0x0000000140003500        0x0 D:/code_and_stuff/tools/mingw/ucrt64/bin/../lib/gcc/x86_64-w64-mingw32/15.2.0/../../../../lib/libmingw32.a(lib64_libmingw32_a-tlsmcrt.o)
 .text          0x0000000140003500       0x10 D:/code_and_stuff/tools/mingw/ucrt64/bin/../lib/gcc/x86_64-w64-mingw32/15.2.0/../../../../lib/libmingw32.a(lib64_libmingw32_a-CRT_fp10.o)
                0x0000000140003500                fpreset
                0x0000000140003500                _fpreset
 .text          0x0000000140003510        0x0 D:/code_and_stuff/tools/mingw/ucrt64/bin/../lib/gcc/x86_64-w64-mingw32/15.2.0/../../../../lib/libmingw32.a(lib64_libmingw32_a-pseudo-reloc-list.o)
 .text          0x0000000140003510      0x3f0 D:/code_and_stuff/tools/mingw/ucrt64/bin/../lib/gcc/x86_64-w64-mingw32/15.2.0/../../../../lib/libmingw32.a(lib64_libmingw32_a-pesect.o)
                0x0000000140003510                _ValidateImageBase
                0x0000000140003540                _FindPESection
                0x0000000140003590                _FindPESectionByName
                0x0000000140003630                __mingw_GetSectionForAddress
                0x00000001400036b0                __mingw_GetSectionCount
                0x00000001400036f0                _FindPESectionExec
                0x0000000140003770                _GetPEImageBase
                0x00000001400037b0                _IsNonwritableInCurrentImage
                0x0000000140003840                __mingw_enum_import_library_names
 .text          0x0000000140003900       0x40 D:/code_and_stuff/tools/mingw/ucrt64/bin/../lib/gcc/x86_64-w64-mingw32/15.2.0/libgcc.a(_chkstk_ms.o)
                0x0000000140003900                ___chkstk_ms
 .text          0x0000000140003940        0x0 D:/code_and_stuff/tools/mingw/ucrt64/bin/../lib/gcc/x86_64-w64-mingw32/15.2.0/libgcc.a(_ctors.o)
 .text          0x0000000140003940        0x0 D:/code_and_stuff/tools/mingw/ucrt64/bin/../lib/gcc/x86_64-w64-mingw32/15.2.0/../../../../lib/libmingwex.a(lib64_libmingwex_a-mingw_matherr.o)
 .text          0x0000000140003940       0x40 D:/code_and_stuff/tools/mingw/ucrt64/bin/../lib/gcc/x86_64-w64-mingw32/15.2.0/../../../../lib/libmsvcrt.a(lib64_libucrt_extra_a-ucrt_vfprintf.o)
                0x0000000140003940                vfprintf
 .text          0x0000000140003980       0x50 D:/code_and_stuff/tools/mingw/ucrt64/bin/../lib/gcc/x86_64-w64-mingw32/15.2.0/../../../../lib/libmsvcrt.a(lib64_libucrt_extra_a-ucrt_scanf.o)
                0x0000000140003980                scanf
 .text          0x00000001400039d0       0x60 D:/code_and_stuff/tools/mingw/ucrt64/bin/../lib/gcc/x86_64-w64-mingw32/15.2.0/../../../../lib/libmsvcrt.a(lib64_libucrt_extra_a-ucrt_printf.o)
                0x00000001400039d0                printf
 .text          0x0000000140003a30       0x50 D:/code_and_stuff/tools/mingw/ucrt64/bin/../lib/gcc/x86_64-w64-mingw32/15.2.0/../../../../lib/libmsvcrt.a(lib64_libucrt_extra_a-ucrt_fprintf.o)
                0x0000000140003a30                fprintf
 .text          0x0000000140003a80       0x10 D:/code_and_stuff/tools/mingw/ucrt64/bin/../lib/gcc/x86_64-w64-mingw32/15.2.0/../../../../lib/libmsvcrt.a(lib64_libucrt_extra_a-ucrt___local_stdio_scanf_options.o)
                0x0000000140003a80                __local_stdio_scanf_options
 .text          0x0000000140003a90       0x10 D:/code_and_stuff/tools/mingw/ucrt64/bin/../lib/gcc/x86_64-w64-mingw32/15.2.0/../../../../lib/libmsvcrt.a(lib64_libucrt_extra_a-ucrt___local_stdio_printf_options.o)
                0x0000000140003a90                __local_stdio_printf_options
 .text          0x0000000140003aa0       0x10 D:/code_and_stuff/tools/mingw/ucrt64/bin/../lib/gcc/x86_64-w64-mingw32/15.2.0/../../../../lib/libmsvcrt.a(lib64_libucrt_extra_a-__p___initenv.o)
                0x0000000140003aa0                __p___initenv
 .text          0x0000000140003ab0       0x30 D:/code_and_stuff/tools/mingw/ucrt64/bin/../lib/gcc/x86_64-w64-mingw32/15.2.0/../../../../lib/libmsvcrt.a(lib64_libucrt_extra_a-ucrt_amsg_exit.o)
                0x0000000140003ab0                _amsg_exit
 .text          0x0000000140003ae0       0x60 D:/code_and_stuff/tools/mingw/ucrt64/bin/../lib/gcc/x86_64-w64-mingw32/15.2.0/../../../../lib/libmsvcrt.a(lib64_libucrt_extra_a-ucrt__getmainargs.o)
                0x0000000140003ae0                __getmainargs
 .text          0x0000000140003b40        0x8 D:/code_and_stuff/tools/mingw/ucrt64/bin/../lib/gcc/x86_64-w64-mingw32/15.2.0/../../../../lib/libmsvcrt.a(libapi-ms-win-crt-string-l1-1-0s00138.o)
                0x0000000140003b40                isspace
 .text          0x0000000140003b48        0x8 D:/code_and_stuff/tools/mingw/ucrt64/bin/../lib/gcc/x86_64-w64-mingw32/15.2.0/../../../../lib/libmsvcrt.a(libapi-ms-win-crt-string-l1-1-0s00162.o)
                0x0000000140003b48                strcmp
 .text          0x0000000140003b50        0x8 D:/code_and_stuff/tools/mingw/ucrt64/bin/../lib/gcc/x86_64-w64-mingw32/15.2.0/../../../../lib/libmsvcrt.a(libapi-ms-win-crt-string-l1-1-0s00164.o)
                0x0000000140003b50                strcpy
 .text          0x0000000140003b58        0x8 D:/code_and_stuff/tools/mingw/ucrt64/bin/../lib/gcc/x86_64-w64-mingw32/15.2.0/../../../../lib/libmsvcrt.a(libapi-ms-win-crt-string-l1-1-0s00167.o)
                0x0000000140003b58                strlen
 .text          0x0000000140003b60        0x8 D:/code_and_stuff/tools/mingw/ucrt64/bin/../lib/gcc/x86_64-w64-mingw32/15.2.0/../../../../lib/libmsvcrt.a(libapi-ms-win-crt-string-l1-1-0s00170.o)
                0x0000000140003b60                strncmp
 .text          0x0000000140003b68        0x8 D:/code_and_stuff/tools/mingw/ucrt64/bin/../lib/gcc/x86_64-w64-mingw32/15.2.0/../../../../lib/libmsvcrt.a(libapi-ms-win-crt-string-l1-1-0s00176.o)
                0x0000000140003b68                strtok
 .text          0x0000000140003b70        0x0 D:/code_and_stuff/tools/mingw/ucrt64/bin/../lib/gcc/x86_64-w64-mingw32/15.2.0/../../../../lib/libmsvcrt.a(libapi-ms-win-crt-string-l1-1-0h.o)
 .text          0x0000000140003b70        0x0 D:/code_and_stuff/tools/mingw/ucrt64/bin/../lib/gcc/x86_64-w64-mingw32/15.2.0/../../../../lib/libmsvcrt.a(libapi-ms-win-crt-string-l1-1-0t.o)
 .text          0x0000000140003b70        0x8 D:/code_and_stuff/tools/mingw/ucrt64/bin/../lib/gcc/x86_64-w64-mingw32/15.2.0/../../../../lib/libmsvcrt.a(libapi-ms-win-crt-stdio-l1-1-0s00000.o)
                0x0000000140003b70                __acrt_iob_func
 .text          0x0000000140003b78        0x8 D:/code_and_stuff/tools/mingw/ucrt64/bin/../lib/gcc/x86_64-w64-mingw32/15.2.0/../../../../lib/libmsvcrt.a(libapi-ms-win-crt-stdio-l1-1-0s00001.o)
                0x0000000140003b78                __p__commode
 .text          0x0000000140003b80        0x8 D:/code_and_stuff/tools/mingw/ucrt64/bin/../lib/gcc/x86_64-w64-mingw32/15.2.0/../../../../lib/libmsvcrt.a(libapi-ms-win-crt-stdio-l1-1-0s00002.o)
                0x0000000140003b80                __p__fmode
 .text          0x0000000140003b88        0x8 D:/code_and_stuff/tools/mingw/ucrt64/bin/../lib/gcc/x86_64-w64-mingw32/15.2.0/../../../../lib/libmsvcrt.a(libapi-ms-win-crt-stdio-l1-1-0s00003.o)
                0x0000000140003b88                __stdio_common_vfprintf
 .text          0x0000000140003b90        0x8 D:/code_and_stuff/tools/mingw/ucrt64/bin/../lib/gcc/x86_64-w64-mingw32/15.2.0/../../../../lib/libmsvcrt.a(libapi-ms-win-crt-stdio-l1-1-0s00006.o)
                0x0000000140003b90                __stdio_common_vfscanf
 .text          0x0000000140003b98        0x8 D:/code_and_stuff/tools/mingw/ucrt64/bin/../lib/gcc/x86_64-w64-mingw32/15.2.0/../../../../lib/libmsvcrt.a(libapi-ms-win-crt-stdio-l1-1-0s00152.o)
                0x0000000140003b98                fclose
 .text          0x0000000140003ba0        0x8 D:/code_and_stuff/tools/mingw/ucrt64/bin/../lib/gcc/x86_64-w64-mingw32/15.2.0/../../../../lib/libmsvcrt.a(libapi-ms-win-crt-stdio-l1-1-0s00156.o)
                0x0000000140003ba0                fgetc
 .text          0x0000000140003ba8        0x8 D:/code_and_stuff/tools/mingw/ucrt64/bin/../lib/gcc/x86_64-w64-mingw32/15.2.0/../../../../lib/libmsvcrt.a(libapi-ms-win-crt-stdio-l1-1-0s00159.o)
                0x0000000140003ba8                fgets
 .text          0x0000000140003bb0        0x8 D:/code_and_stuff/tools/mingw/ucrt64/bin/../lib/gcc/x86_64-w64-mingw32/15.2.0/../../../../lib/libmsvcrt.a(libapi-ms-win-crt-stdio-l1-1-0s00162.o)
                0x0000000140003bb0                fopen
 .text          0x0000000140003bb8        0x8 D:/code_and_stuff/tools/mingw/ucrt64/bin/../lib/gcc/x86_64-w64-mingw32/15.2.0/../../../../lib/libmsvcrt.a(libapi-ms-win-crt-stdio-l1-1-0s00179.o)
                0x0000000140003bb8                fwrite
 .text          0x0000000140003bc0        0x8 D:/code_and_stuff/tools/mingw/ucrt64/bin/../lib/gcc/x86_64-w64-mingw32/15.2.0/../../../../lib/libmsvcrt.a(libapi-ms-win-crt-stdio-l1-1-0s00188.o)
                0x0000000140003bc0                putchar
 .text          0x0000000140003bc8        0x8 D:/code_and_stuff/tools/mingw/ucrt64/bin/../lib/gcc/x86_64-w64-mingw32/15.2.0/../../../../lib/libmsvcrt.a(libapi-ms-win-crt-stdio-l1-1-0s00189.o)
                0x0000000140003bc8                puts
 .text          0x0000000140003bd0        0x0 D:/code_and_stuff/tools/mingw/ucrt64/bin/../lib/gcc/x86_64-w64-mingw32/15.2.0/../../../../lib/libmsvcrt.a(libapi-ms-win-crt-stdio-l1-1-0h.o)
 .text          0x0000000140003bd0        0x0 D:/code_and_stuff/tools/mingw/ucrt64/bin/../lib/gcc/x86_64-w64-mingw32/15.2.0/../../../../lib/libmsvcrt.a(libapi-ms-win-crt-stdio-l1-1-0t.o)
 .text          0x0000000140003bd0        0x8 D:/code_and_stuff/tools/mingw/ucrt64/bin/../lib/gcc/x86_64-w64-mingw32/15.2.0/../../../../lib/libmsvcrt.a(libapi-ms-win-crt-runtime-l1-1-0s00004.o)
                0x0000000140003bd0                __p___argc
 .text          0x0000000140003bd8        0x8 D:/code_and_stuff/tools/mingw/ucrt64/bin/../lib/gcc/x86_64-w64-mingw32/15.2.0/../../../../lib/libmsvcrt.a(libapi-ms-win-crt-runtime-l1-1-0s00005.o)
                0x0000000140003bd8                __p___argv
 .text          0x0000000140003be0        0x8 D:/code_and_stuff/tools/mingw/ucrt64/bin/../lib/gcc/x86_64-w64-mingw32/15.2.0/../../../../lib/libmsvcrt.a(libapi-ms-win-crt-runtime-l1-1-0s00022.o)
                0x0000000140003be0                _cexit
 .text          0x0000000140003be8        0x8 D:/code_and_stuff/tools/mingw/ucrt64/bin/../lib/gcc/x86_64-w64-mingw32/15.2.0/../../../../lib/libmsvcrt.a(libapi-ms-win-crt-runtime-l1-1-0s00024.o)
                0x0000000140003be8                _configure_narrow_argv
 .text          0x0000000140003bf0        0x8 D:/code_and_stuff/tools/mingw/ucrt64/bin/../lib/gcc/x86_64-w64-mingw32/15.2.0/../../../../lib/libmsvcrt.a(libapi-ms-win-crt-runtime-l1-1-0s00030.o)
                0x0000000140003bf0                _crt_atexit
 .text          0x0000000140003bf8        0x8 D:/code_and_stuff/tools/mingw/ucrt64/bin/../lib/gcc/x86_64-w64-mingw32/15.2.0/../../../../lib/libmsvcrt.a(libapi-ms-win-crt-runtime-l1-1-0s00035.o)
                0x0000000140003bf8                _exit
 .text          0x0000000140003c00        0x8 D:/code_and_stuff/tools/mingw/ucrt64/bin/../lib/gcc/x86_64-w64-mingw32/15.2.0/../../../../lib/libmsvcrt.a(libapi-ms-win-crt-runtime-l1-1-0s00051.o)
                0x0000000140003c00                _initialize_narrow_environment
 .text          0x0000000140003c08        0x8 D:/code_and_stuff/tools/mingw/ucrt64/bin/../lib/gcc/x86_64-w64-mingw32/15.2.0/../../../../lib/libmsvcrt.a(libapi-ms-win-crt-runtime-l1-1-0s00054.o)
                0x0000000140003c08                __set_app_type
 .text          0x0000000140003c10        0x8 D:/code_and_stuff/tools/mingw/ucrt64/bin/../lib/gcc/x86_64-w64-mingw32/15.2.0/../../../../lib/libmsvcrt.a(libapi-ms-win-crt-runtime-l1-1-0s00056.o)
                0x0000000140003c10                _initterm
 .text          0x0000000140003c18        0x8 D:/code_and_stuff/tools/mingw/ucrt64/bin/../lib/gcc/x86_64-w64-mingw32/15.2.0/../../../../lib/libmsvcrt.a(libapi-ms-win-crt-runtime-l1-1-0s00057.o)
                0x0000000140003c18                _initterm_e
 .text          0x0000000140003c20        0x8 D:/code_and_stuff/tools/mingw/ucrt64/bin/../lib/gcc/x86_64-w64-mingw32/15.2.0/../../../../lib/libmsvcrt.a(libapi-ms-win-crt-runtime-l1-1-0s00073.o)
                0x0000000140003c20                _set_invalid_parameter_handler
 .text          0x0000000140003c28        0x8 D:/code_and_stuff/tools/mingw/ucrt64/bin/../lib/gcc/x86_64-w64-mingw32/15.2.0/../../../../lib/libmsvcrt.a(libapi-ms-win-crt-runtime-l1-1-0s00086.o)
                0x0000000140003c28                abort
 .text          0x0000000140003c30        0x8 D:/code_and_stuff/tools/mingw/ucrt64/bin/../lib/gcc/x86_64-w64-mingw32/15.2.0/../../../../lib/libmsvcrt.a(libapi-ms-win-crt-runtime-l1-1-0s00087.o)
                0x0000000140003c30                exit
 .text          0x0000000140003c38        0x8 D:/code_and_stuff/tools/mingw/ucrt64/bin/../lib/gcc/x86_64-w64-mingw32/15.2.0/../../../../lib/libmsvcrt.a(libapi-ms-win-crt-runtime-l1-1-0s00101.o)
                0x0000000140003c38                signal
 .text          0x0000000140003c40        0x0 D:/code_and_stuff/tools/mingw/ucrt64/bin/../lib/gcc/x86_64-w64-mingw32/15.2.0/../../../../lib/libmsvcrt.a(libapi-ms-win-crt-runtime-l1-1-0h.o)
 .text          0x0000000140003c40        0x0 D:/code_and_stuff/tools/mingw/ucrt64/bin/../lib/gcc/x86_64-w64-mingw32/15.2.0/../../../../lib/libmsvcrt.a(libapi-ms-win-crt-runtime-l1-1-0t.o)
 .text          0x0000000140003c40        0x8 D:/code_and_stuff/tools/mingw/ucrt64/bin/../lib/gcc/x86_64-w64-mingw32/15.2.0/../../../../lib/libmsvcrt.a(libapi-ms-win-crt-private-l1-1-0s00012.o)
                0x0000000140003c40                __C_specific_handler
 .text          0x0000000140003c48        0x8 D:/code_and_stuff/tools/mingw/ucrt64/bin/../lib/gcc/x86_64-w64-mingw32/15.2.0/../../../../lib/libmsvcrt.a(libapi-ms-win-crt-private-l1-1-0s01088.o)
                0x0000000140003c48                memcpy
 .text          0x0000000140003c50        0x0 D:/code_and_stuff/tools/mingw/ucrt64/bin/../lib/gcc/x86_64-w64-mingw32/15.2.0/../../../../lib/libmsvcrt.a(libapi-ms-win-crt-private-l1-1-0h.o)
 .text          0x0000000140003c50        0x0 D:/code_and_stuff/tools/mingw/ucrt64/bin/../lib/gcc/x86_64-w64-mingw32/15.2.0/../../../../lib/libmsvcrt.a(libapi-ms-win-crt-private-l1-1-0t.o)
 .text          0x0000000140003c50        0x8 D:/code_and_stuff/tools/mingw/ucrt64/bin/../lib/gcc/x86_64-w64-mingw32/15.2.0/../../../../lib/libmsvcrt.a(libapi-ms-win-crt-math-l1-1-0s00009.o)
                0x0000000140003c50                __setusermatherr
 *fill*         0x0000000140003c58        0x8 
 .text          0x0000000140003c60        0x0 D:/code_and_stuff/tools/mingw/ucrt64/bin/../lib/gcc/x86_64-w64-mingw32/15.2.0/../../../../lib/libmsvcrt.a(libapi-ms-win-crt-math-l1-1-0h.o)
 .text          0x0000000140003c60        0x0 D:/code_and_stuff/tools/mingw/ucrt64/bin/../lib/gcc/x86_64-w64-mingw32/15.2.0/../../../../lib/libmsvcrt.a(libapi-ms-win-crt-math-l1-1-0t.o)
 .text          0x0000000140003c60        0x8 D:/code_and_stuff/tools/mingw/ucrt64/bin/../lib/gcc/x86_64-w64-mingw32/15.2.0/../../../../lib/libmsvcrt.a(libapi-ms-win-crt-locale-l1-1-0s00009.o)
                0x0000000140003c60                _configthreadlocale
 *fill*         0x0000000140003c68        0x8 
 .text          0x0000000140003c70        0x0 D:/code_and_stuff/tools/mingw/ucrt64/bin/../lib/gcc/x86_64-w64-mingw32/15.2.0/../../../../lib/libmsvcrt.a(libapi-ms-win-crt-locale-l1-1-0h.o)
 .text          0x0000000140003c70        0x0 D:/code_and_stuff/tools/mingw/ucrt64/bin/../lib/gcc/x86_64-w64-mingw32/15.2.0/../../../../lib/libmsvcrt.a(libapi-ms-win-crt-locale-l1-1-0t.o)
 .text          0x0000000140003c70        0x8 D:/code_and_stuff/tools/mingw/ucrt64/bin/../lib/gcc/x86_64-w64-mingw32/15.2.0/../../../../lib/libmsvcrt.a(libapi-ms-win-crt-heap-l1-1-0s00023.o)
                0x0000000140003c70                _set_new_mode
 .text          0x0000000140003c78        0x8 D:/code_and_stuff/tools/mingw/ucrt64/bin/../lib/gcc/x86_64-w64-mingw32/15.2.0/../../../../lib/libmsvcrt.a(libapi-ms-win-crt-heap-l1-1-0s00024.o)
                0x0000000140003c78                calloc
 .text          0x0000000140003c80        0x8 D:/code_and_stuff/tools/mingw/ucrt64/bin/../lib/gcc/x86_64-w64-mingw32/15.2.0/../../../../lib/libmsvcrt.a(libapi-ms-win-crt-heap-l1-1-0s00025.o)
                0x0000000140003c80                free
 .text          0x0000000140003c88        0x8 D:/code_and_stuff/tools/mingw/ucrt64/bin/../lib/gcc/x86_64-w64-mingw32/15.2.0/../../../../lib/libmsvcrt.a(libapi-ms-win-crt-heap-l1-1-0s00026.o)
                0x0000000140003c88                malloc
 .text          0x0000000140003c90        0x8 D:/code_and_stuff/tools/mingw/ucrt64/bin/../lib/gcc/x86_64-w64-mingw32/15.2.0/../../../../lib/libmsvcrt.a(libapi-ms-win-crt-heap-l1-1-0s00027.o)
                0x0000000140003c90                realloc
 *fill*         0x0000000140003c98        0x8 
 .text          0x0000000140003ca0        0x0 D:/code_and_stuff/tools/mingw/ucrt64/bin/../lib/gcc/x86_64-w64-mingw32/15.2.0/../../../../lib/libmsvcrt.a(libapi-ms-win-crt-heap-l1-1-0h.o)
 .text          0x0000000140003ca0        0x0 D:/code_and_stuff/tools/mingw/ucrt64/bin/../lib/gcc/x86_64-w64-mingw32/15.2.0/../../../../lib/libmsvcrt.a(libapi-ms-win-crt-heap-l1-1-0t.o)
 .text          0x0000000140003ca0        0x8 D:/code_and_stuff/tools/mingw/ucrt64/bin/../lib/gcc/x86_64-w64-mingw32/15.2.0/../../../../lib/libmsvcrt.a(libapi-ms-win-crt-environment-l1-1-0s00000.o)
                0x0000000140003ca0                __p__environ
 *fill*         0x0000000140003ca8        0x8 
 .text          0x0000000140003cb0        0x0 D:/code_and_stuff/tools/mingw/ucrt64/bin/../lib/gcc/x86_64-w64-mingw32/15.2.0/../../../../lib/libmsvcrt.a(libapi-ms-win-crt-environment-l1-1-0h.o)
 .text          0x0000000140003cb0        0x0 D:/code_and_stuff/tools/mingw/ucrt64/bin/../lib/gcc/x86_64-w64-mingw32/15.2.0/../../../../lib/libmsvcrt.a(libapi-ms-win-crt-environment-l1-1-0t.o)
 .text          0x0000000140003cb0        0x0 D:/code_and_stuff/tools/mingw/ucrt64/bin/../lib/gcc/x86_64-w64-mingw32/15.2.0/../../../../lib/libmsvcrt.a(lib64_libucrt_extra_a-__initenv.o)
 .text          0x0000000140003cb0        0x8 D:/code_and_stuff/tools/mingw/ucrt64/bin/../lib/gcc/x86_64-w64-mingw32/15.2.0/../../../../lib/libkernel32.a(libkernel32s01535.o)
                0x0000000140003cb0                VirtualQuery
 .text          0x0000000140003cb8        0x8 D:/code_and_stuff/tools/mingw/ucrt64/bin/../lib/gcc/x86_64-w64-mingw32/15.2.0/../../../../lib/libkernel32.a(libkernel32s01533.o)
                0x0000000140003cb8                VirtualProtect
 .text          0x0000000140003cc0        0x8 D:/code_and_stuff/tools/mingw/ucrt64/bin/../lib/gcc/x86_64-w64-mingw32/15.2.0/../../../../lib/libkernel32.a(libkernel32s01485.o)
                0x0000000140003cc0                TlsGetValue
 .text          0x0000000140003cc8        0x8 D:/code_and_stuff/tools/mingw/ucrt64/bin/../lib/gcc/x86_64-w64-mingw32/15.2.0/../../../../lib/libkernel32.a(libkernel32s01449.o)
                0x0000000140003cc8                Sleep
 .text          0x0000000140003cd0        0x8 D:/code_and_stuff/tools/mingw/ucrt64/bin/../lib/gcc/x86_64-w64-mingw32/15.2.0/../../../../lib/libkernel32.a(libkernel32s01433.o)
                0x0000000140003cd0                SetUnhandledExceptionFilter
 .text          0x0000000140003cd8        0x8 D:/code_and_stuff/tools/mingw/ucrt64/bin/../lib/gcc/x86_64-w64-mingw32/15.2.0/../../../../lib/libkernel32.a(libkernel32s01012.o)
                0x0000000140003cd8                LeaveCriticalSection
 .text          0x0000000140003ce0        0x8 D:/code_and_stuff/tools/mingw/ucrt64/bin/../lib/gcc/x86_64-w64-mingw32/15.2.0/../../../../lib/libkernel32.a(libkernel32s00918.o)
                0x0000000140003ce0                InitializeCriticalSection
 .text          0x0000000140003ce8        0x8 D:/code_and_stuff/tools/mingw/ucrt64/bin/../lib/gcc/x86_64-w64-mingw32/15.2.0/../../../../lib/libkernel32.a(libkernel32s00648.o)
                0x0000000140003ce8                GetLastError
 .text          0x0000000140003cf0        0x8 D:/code_and_stuff/tools/mingw/ucrt64/bin/../lib/gcc/x86_64-w64-mingw32/15.2.0/../../../../lib/libkernel32.a(libkernel32s00333.o)
                0x0000000140003cf0                EnterCriticalSection
 .text          0x0000000140003cf8        0x8 D:/code_and_stuff/tools/mingw/ucrt64/bin/../lib/gcc/x86_64-w64-mingw32/15.2.0/../../../../lib/libkernel32.a(libkernel32s00295.o)
                0x0000000140003cf8                DeleteCriticalSection
 .text          0x0000000140003d00        0x0 D:/code_and_stuff/tools/mingw/ucrt64/bin/../lib/gcc/x86_64-w64-mingw32/15.2.0/../../../../lib/libkernel32.a(libkernel32h.o)
 .text          0x0000000140003d00        0x0 D:/code_and_stuff/tools/mingw/ucrt64/bin/../lib/gcc/x86_64-w64-mingw32/15.2.0/../../../../lib/libkernel32.a(libkernel32t.o)
 .text          0x0000000140003d00        0x0 D:/code_and_stuff/tools/mingw/ucrt64/bin/../lib/gcc/x86_64-w64-mingw32/15.2.0/crtend.o
 *(SORT_BY_NAME(.text$*))
 *(.text.*)
 .text.startup  0x0000000140003d00       0x10 D:/code_and_stuff/tools/mingw/ucrt64/bin/../lib/gcc/x86_64-w64-mingw32/15.2.0/crtend.o
 *(.gnu.linkonce.t.*)
 *(.glue_7t)
 *(.glue_7)
                0x0000000140003d10                . = ALIGN (0x8)
 *(SORT_NONE(.fini))
 *(.gcc_exc)
                [!provide]                        PROVIDE (etext = .)
 *(.gcc_except_table)

.data           0x0000000140004000      0x200
                0x0000000140004000                __data_start__ = .
 *(.data)
 .data          0x0000000140004000        0x0 D:/code_and_stuff/tools/mingw/ucrt64/bin/../lib/gcc/x86_64-w64-mingw32/15.2.0/../../../../lib/crt2.o
 .data          0x0000000140004000        0x0 D:/code_and_stuff/tools/mingw/ucrt64/bin/../lib/gcc/x86_64-w64-mingw32/15.2.0/crtbegin.o
 .data          0x0000000140004000        0x0 intermediates/objects/cliArgs.o
 .data          0x0000000140004000        0x0 intermediates/objects/dsa.o
 .data          0x0000000140004000        0x0 intermediates/objects/morse.o
 .data          0x0000000140004000        0x0 intermediates/objects/structs.o
 .data          0x0000000140004000       0x10 D:/code_and_stuff/tools/mingw/ucrt64/bin/../lib/gcc/x86_64-w64-mingw32/15.2.0/../../../../lib/libmingw32.a(lib64_libmingw32_a-gccmain.o)
 .data          0x0000000140004010       0x10 D:/code_and_stuff/tools/mingw/ucrt64/bin/../lib/gcc/x86_64-w64-mingw32/15.2.0/../../../../lib/libmingw32.a(lib64_libmingw32_a-natstart.o)
                0x0000000140004010                __native_vcclrit_reason
                0x0000000140004014                __native_dllmain_reason
 .data          0x0000000140004020        0x0 D:/code_and_stuff/tools/mingw/ucrt64/bin/../lib/gcc/x86_64-w64-mingw32/15.2.0/../../../../lib/libmingw32.a(lib64_libmingw32_a-wildcard.o)
 .data          0x0000000140004020        0x0 D:/code_and_stuff/tools/mingw/ucrt64/bin/../lib/gcc/x86_64-w64-mingw32/15.2.0/../../../../lib/libmingw32.a(lib64_libmingw32_a-dllargv.o)
 .data          0x0000000140004020        0x0 D:/code_and_stuff/tools/mingw/ucrt64/bin/../lib/gcc/x86_64-w64-mingw32/15.2.0/../../../../lib/libmingw32.a(lib64_libmingw32_a-_newmode.o)
 .data          0x0000000140004020        0x0 D:/code_and_stuff/tools/mingw/ucrt64/bin/../lib/gcc/x86_64-w64-mingw32/15.2.0/../../../../lib/libmingw32.a(lib64_libmingw32_a-tlssup.o)
 .data          0x0000000140004020        0x0 D:/code_and_stuff/tools/mingw/ucrt64/bin/../lib/gcc/x86_64-w64-mingw32/15.2.0/../../../../lib/libmingw32.a(lib64_libmingw32_a-xncommod.o)
 .data          0x0000000140004020        0x0 D:/code_and_stuff/tools/mingw/ucrt64/bin/../lib/gcc/x86_64-w64-mingw32/15.2.0/../../../../lib/libmingw32.a(lib64_libmingw32_a-cinitexe.o)
 .data          0x0000000140004020        0x0 D:/code_and_stuff/tools/mingw/ucrt64/bin/../lib/gcc/x86_64-w64-mingw32/15.2.0/../../../../lib/libmingw32.a(lib64_libmingw32_a-merr.o)
 .data          0x0000000140004020       0x10 D:/code_and_stuff/tools/mingw/ucrt64/bin/../lib/gcc/x86_64-w64-mingw32/15.2.0/../../../../lib/libmingw32.a(lib64_libmingw32_a-xthdloc.o)
                0x0000000140004020                __globallocalestatus
 .data          0x0000000140004030        0x0 D:/code_and_stuff/tools/mingw/ucrt64/bin/../lib/gcc/x86_64-w64-mingw32/15.2.0/../../../../lib/libmingw32.a(lib64_libmingw32_a-mingw_helpers.o)
 .data          0x0000000140004030        0x0 D:/code_and_stuff/tools/mingw/ucrt64/bin/../lib/gcc/x86_64-w64-mingw32/15.2.0/../../../../lib/libmingw32.a(lib64_libmingw32_a-pseudo-reloc.o)
 .data          0x0000000140004030        0x0 D:/code_and_stuff/tools/mingw/ucrt64/bin/../lib/gcc/x86_64-w64-mingw32/15.2.0/../../../../lib/libmingw32.a(lib64_libmingw32_a-usermatherr.o)
 .data          0x0000000140004030        0x0 D:/code_and_stuff/tools/mingw/ucrt64/bin/../lib/gcc/x86_64-w64-mingw32/15.2.0/../../../../lib/libmingw32.a(lib64_libmingw32_a-xtxtmode.o)
 .data          0x0000000140004030        0x0 D:/code_and_stuff/tools/mingw/ucrt64/bin/../lib/gcc/x86_64-w64-mingw32/15.2.0/../../../../lib/libmingw32.a(lib64_libmingw32_a-crt_handler.o)
 .data          0x0000000140004030        0x0 D:/code_and_stuff/tools/mingw/ucrt64/bin/../lib/gcc/x86_64-w64-mingw32/15.2.0/../../../../lib/libmingw32.a(lib64_libmingw32_a-tlsthrd.o)
 .data          0x0000000140004030       0x10 D:/code_and_stuff/tools/mingw/ucrt64/bin/../lib/gcc/x86_64-w64-mingw32/15.2.0/../../../../lib/libmingw32.a(lib64_libmingw32_a-tlsmcrt.o)
                0x0000000140004030                _CRT_MT
 .data          0x0000000140004040        0x0 D:/code_and_stuff/tools/mingw/ucrt64/bin/../lib/gcc/x86_64-w64-mingw32/15.2.0/../../../../lib/libmingw32.a(lib64_libmingw32_a-CRT_fp10.o)
 .data          0x0000000140004040        0x0 D:/code_and_stuff/tools/mingw/ucrt64/bin/../lib/gcc/x86_64-w64-mingw32/15.2.0/../../../../lib/libmingw32.a(lib64_libmingw32_a-pseudo-reloc-list.o)
 .data          0x0000000140004040        0x0 D:/code_and_stuff/tools/mingw/ucrt64/bin/../lib/gcc/x86_64-w64-mingw32/15.2.0/../../../../lib/libmingw32.a(lib64_libmingw32_a-pesect.o)
 .data          0x0000000140004040        0x0 D:/code_and_stuff/tools/mingw/ucrt64/bin/../lib/gcc/x86_64-w64-mingw32/15.2.0/libgcc.a(_chkstk_ms.o)
 .data          0x0000000140004040        0x0 D:/code_and_stuff/tools/mingw/ucrt64/bin/../lib/gcc/x86_64-w64-mingw32/15.2.0/libgcc.a(_ctors.o)
 .data          0x0000000140004040       0x10 D:/code_and_stuff/tools/mingw/ucrt64/bin/../lib/gcc/x86_64-w64-mingw32/15.2.0/../../../../lib/libmingwex.a(lib64_libmingwex_a-mingw_matherr.o)
                0x0000000140004040                _MINGW_INSTALL_DEBUG_MATHERR
 .data          0x0000000140004050        0x0 D:/code_and_stuff/tools/mingw/ucrt64/bin/../lib/gcc/x86_64-w64-mingw32/15.2.0/../../../../lib/libmsvcrt.a(lib64_libucrt_extra_a-ucrt_vfprintf.o)
 .data          0x0000000140004050        0x0 D:/code_and_stuff/tools/mingw/ucrt64/bin/../lib/gcc/x86_64-w64-mingw32/15.2.0/../../../../lib/libmsvcrt.a(lib64_libucrt_extra_a-ucrt_scanf.o)
 .data          0x0000000140004050        0x0 D:/code_and_stuff/tools/mingw/ucrt64/bin/../lib/gcc/x86_64-w64-mingw32/15.2.0/../../../../lib/libmsvcrt.a(lib64_libucrt_extra_a-ucrt_printf.o)
 .data          0x0000000140004050        0x0 D:/code_and_stuff/tools/mingw/ucrt64/bin/../lib/gcc/x86_64-w64-mingw32/15.2.0/../../../../lib/libmsvcrt.a(lib64_libucrt_extra_a-ucrt_fprintf.o)
 .data          0x0000000140004050       0x10 D:/code_and_stuff/tools/mingw/ucrt64/bin/../lib/gcc/x86_64-w64-mingw32/15.2.0/../../../../lib/libmsvcrt.a(lib64_libucrt_extra_a-ucrt___local_stdio_scanf_options.o)
 .data          0x0000000140004060       0x10 D:/code_and_stuff/tools/mingw/ucrt64/bin/../lib/gcc/x86_64-w64-mingw32/15.2.0/../../../../lib/libmsvcrt.a(lib64_libucrt_extra_a-ucrt___local_stdio_printf_options.o)
 .data          0x0000000140004070       0x10 D:/code_and_stuff/tools/mingw/ucrt64/bin/../lib/gcc/x86_64-w64-mingw32/15.2.0/../../../../lib/libmsvcrt.a(lib64_libucrt_extra_a-__p___initenv.o)
                0x0000000140004070                __imp___p___initenv
 .data          0x0000000140004080       0x10 D:/code_and_stuff/tools/mingw/ucrt64/bin/../lib/gcc/x86_64-w64-mingw32/15.2.0/../../../../lib/libmsvcrt.a(lib64_libucrt_extra_a-ucrt_amsg_exit.o)
                0x0000000140004080                __imp__amsg_exit
 .data          0x0000000140004090       0x10 D:/code_and_stuff/tools/mingw/ucrt64/bin/../lib/gcc/x86_64-w64-mingw32/15.2.0/../../../../lib/libmsvcrt.a(lib64_libucrt_extra_a-ucrt__getmainargs.o)
                0x0000000140004090                __imp___getmainargs
 .data          0x00000001400040a0        0x0 D:/code_and_stuff/tools/mingw/ucrt64/bin/../lib/gcc/x86_64-w64-mingw32/15.2.0/../../../../lib/libmsvcrt.a(libapi-ms-win-crt-string-l1-1-0s00138.o)
 .data          0x00000001400040a0        0x0 D:/code_and_stuff/tools/mingw/ucrt64/bin/../lib/gcc/x86_64-w64-mingw32/15.2.0/../../../../lib/libmsvcrt.a(libapi-ms-win-crt-string-l1-1-0s00162.o)
 .data          0x00000001400040a0        0x0 D:/code_and_stuff/tools/mingw/ucrt64/bin/../lib/gcc/x86_64-w64-mingw32/15.2.0/../../../../lib/libmsvcrt.a(libapi-ms-win-crt-string-l1-1-0s00164.o)
 .data          0x00000001400040a0        0x0 D:/code_and_stuff/tools/mingw/ucrt64/bin/../lib/gcc/x86_64-w64-mingw32/15.2.0/../../../../lib/libmsvcrt.a(libapi-ms-win-crt-string-l1-1-0s00167.o)
 .data          0x00000001400040a0        0x0 D:/code_and_stuff/tools/mingw/ucrt64/bin/../lib/gcc/x86_64-w64-mingw32/15.2.0/../../../../lib/libmsvcrt.a(libapi-ms-win-crt-string-l1-1-0s00170.o)
 .data          0x00000001400040a0        0x0 D:/code_and_stuff/tools/mingw/ucrt64/bin/../lib/gcc/x86_64-w64-mingw32/15.2.0/../../../../lib/libmsvcrt.a(libapi-ms-win-crt-string-l1-1-0s00176.o)
 .data          0x00000001400040a0        0x0 D:/code_and_stuff/tools/mingw/ucrt64/bin/../lib/gcc/x86_64-w64-mingw32/15.2.0/../../../../lib/libmsvcrt.a(libapi-ms-win-crt-string-l1-1-0h.o)
 .data          0x00000001400040a0        0x0 D:/code_and_stuff/tools/mingw/ucrt64/bin/../lib/gcc/x86_64-w64-mingw32/15.2.0/../../../../lib/libmsvcrt.a(libapi-ms-win-crt-string-l1-1-0t.o)
 .data          0x00000001400040a0        0x0 D:/code_and_stuff/tools/mingw/ucrt64/bin/../lib/gcc/x86_64-w64-mingw32/15.2.0/../../../../lib/libmsvcrt.a(libapi-ms-win-crt-stdio-l1-1-0s00000.o)
 .data          0x00000001400040a0        0x0 D:/code_and_stuff/tools/mingw/ucrt64/bin/../lib/gcc/x86_64-w64-mingw32/15.2.0/../../../../lib/libmsvcrt.a(libapi-ms-win-crt-stdio-l1-1-0s00001.o)
 .data          0x00000001400040a0        0x0 D:/code_and_stuff/tools/mingw/ucrt64/bin/../lib/gcc/x86_64-w64-mingw32/15.2.0/../../../../lib/libmsvcrt.a(libapi-ms-win-crt-stdio-l1-1-0s00002.o)
 .data          0x00000001400040a0        0x0 D:/code_and_stuff/tools/mingw/ucrt64/bin/../lib/gcc/x86_64-w64-mingw32/15.2.0/../../../../lib/libmsvcrt.a(libapi-ms-win-crt-stdio-l1-1-0s00003.o)
 .data          0x00000001400040a0        0x0 D:/code_and_stuff/tools/mingw/ucrt64/bin/../lib/gcc/x86_64-w64-mingw32/15.2.0/../../../../lib/libmsvcrt.a(libapi-ms-win-crt-stdio-l1-1-0s00006.o)
 .data          0x00000001400040a0        0x0 D:/code_and_stuff/tools/mingw/ucrt64/bin/../lib/gcc/x86_64-w64-mingw32/15.2.0/../../../../lib/libmsvcrt.a(libapi-ms-win-crt-stdio-l1-1-0s00152.o)
 .data          0x00000001400040a0        0x0 D:/code_and_stuff/tools/mingw/ucrt64/bin/../lib/gcc/x86_64-w64-mingw32/15.2.0/../../../../lib/libmsvcrt.a(libapi-ms-win-crt-stdio-l1-1-0s00156.o)
 .data          0x00000001400040a0        0x0 D:/code_and_stuff/tools/mingw/ucrt64/bin/../lib/gcc/x86_64-w64-mingw32/15.2.0/../../../../lib/libmsvcrt.a(libapi-ms-win-crt-stdio-l1-1-0s00159.o)
 .data          0x00000001400040a0        0x0 D:/code_and_stuff/tools/mingw/ucrt64/bin/../lib/gcc/x86_64-w64-mingw32/15.2.0/../../../../lib/libmsvcrt.a(libapi-ms-win-crt-stdio-l1-1-0s00162.o)
 .data          0x00000001400040a0        0x0 D:/code_and_stuff/tools/mingw/ucrt64/bin/../lib/gcc/x86_64-w64-mingw32/15.2.0/../../../../lib/libmsvcrt.a(libapi-ms-win-crt-stdio-l1-1-0s00179.o)
 .data          0x00000001400040a0        0x0 D:/code_and_stuff/tools/mingw/ucrt64/bin/../lib/gcc/x86_64-w64-mingw32/15.2.0/../../../../lib/libmsvcrt.a(libapi-ms-win-crt-stdio-l1-1-0s00188.o)
 .data          0x00000001400040a0        0x0 D:/code_and_stuff/tools/mingw/ucrt64/bin/../lib/gcc/x86_64-w64-mingw32/15.2.0/../../../../lib/libmsvcrt.a(libapi-ms-win-crt-stdio-l1-1-0s00189.o)
 .data          0x00000001400040a0        0x0 D:/code_and_stuff/tools/mingw/ucrt64/bin/../lib/gcc/x86_64-w64-mingw32/15.2.0/../../../../lib/libmsvcrt.a(libapi-ms-win-crt-stdio-l1-1-0h.o)
 .data          0x00000001400040a0        0x0 D:/code_and_stuff/tools/mingw/ucrt64/bin/../lib/gcc/x86_64-w64-mingw32/15.2.0/../../../../lib/libmsvcrt.a(libapi-ms-win-crt-stdio-l1-1-0t.o)
 .data          0x00000001400040a0        0x0 D:/code_and_stuff/tools/mingw/ucrt64/bin/../lib/gcc/x86_64-w64-mingw32/15.2.0/../../../../lib/libmsvcrt.a(libapi-ms-win-crt-runtime-l1-1-0s00004.o)
 .data          0x00000001400040a0        0x0 D:/code_and_stuff/tools/mingw/ucrt64/bin/../lib/gcc/x86_64-w64-mingw32/15.2.0/../../../../lib/libmsvcrt.a(libapi-ms-win-crt-runtime-l1-1-0s00005.o)
 .data          0x00000001400040a0        0x0 D:/code_and_stuff/tools/mingw/ucrt64/bin/../lib/gcc/x86_64-w64-mingw32/15.2.0/../../../../lib/libmsvcrt.a(libapi-ms-win-crt-runtime-l1-1-0s00022.o)
 .data          0x00000001400040a0        0x0 D:/code_and_stuff/tools/mingw/ucrt64/bin/../lib/gcc/x86_64-w64-mingw32/15.2.0/../../../../lib/libmsvcrt.a(libapi-ms-win-crt-runtime-l1-1-0s00024.o)
 .data          0x00000001400040a0        0x0 D:/code_and_stuff/tools/mingw/ucrt64/bin/../lib/gcc/x86_64-w64-mingw32/15.2.0/../../../../lib/libmsvcrt.a(libapi-ms-win-crt-runtime-l1-1-0s00030.o)
 .data          0x00000001400040a0        0x0 D:/code_and_stuff/tools/mingw/ucrt64/bin/../lib/gcc/x86_64-w64-mingw32/15.2.0/../../../../lib/libmsvcrt.a(libapi-ms-win-crt-runtime-l1-1-0s00035.o)
 .data          0x00000001400040a0        0x0 D:/code_and_stuff/tools/mingw/ucrt64/bin/../lib/gcc/x86_64-w64-mingw32/15.2.0/../../../../lib/libmsvcrt.a(libapi-ms-win-crt-runtime-l1-1-0s00051.o)
 .data          0x00000001400040a0        0x0 D:/code_and_stuff/tools/mingw/ucrt64/bin/../lib/gcc/x86_64-w64-mingw32/15.2.0/../../../../lib/libmsvcrt.a(libapi-ms-win-crt-runtime-l1-1-0s00054.o)
 .data          0x00000001400040a0        0x0 D:/code_and_stuff/tools/mingw/ucrt64/bin/../lib/gcc/x86_64-w64-mingw32/15.2.0/../../../../lib/libmsvcrt.a(libapi-ms-win-crt-runtime-l1-1-0s00056.o)
 .data          0x00000001400040a0        0x0 D:/code_and_stuff/tools/mingw/ucrt64/bin/../lib/gcc/x86_64-w64-mingw32/15.2.0/../../../../lib/libmsvcrt.a(libapi-ms-win-crt-runtime-l1-1-0s00057.o)
 .data          0x00000001400040a0        0x0 D:/code_and_stuff/tools/mingw/ucrt64/bin/../lib/gcc/x86_64-w64-mingw32/15.2.0/../../../../lib/libmsvcrt.a(libapi-ms-win-crt-runtime-l1-1-0s00073.o)
 .data          0x00000001400040a0        0x0 D:/code_and_stuff/tools/mingw/ucrt64/bin/../lib/gcc/x86_64-w64-mingw32/15.2.0/../../../../lib/libmsvcrt.a(libapi-ms-win-crt-runtime-l1-1-0s00086.o)
 .data          0x00000001400040a0        0x0 D:/code_and_stuff/tools/mingw/ucrt64/bin/../lib/gcc/x86_64-w64-mingw32/15.2.0/../../../../lib/libmsvcrt.a(libapi-ms-win-crt-runtime-l1-1-0s00087.o)
 .data          0x00000001400040a0        0x0 D:/code_and_stuff/tools/mingw/ucrt64/bin/../lib/gcc/x86_64-w64-mingw32/15.2.0/../../../../lib/libmsvcrt.a(libapi-ms-win-crt-runtime-l1-1-0s00101.o)
 .data          0x00000001400040a0        0x0 D:/code_and_stuff/tools/mingw/ucrt64/bin/../lib/gcc/x86_64-w64-mingw32/15.2.0/../../../../lib/libmsvcrt.a(libapi-ms-win-crt-runtime-l1-1-0h.o)
 .data          0x00000001400040a0        0x0 D:/code_and_stuff/tools/mingw/ucrt64/bin/../lib/gcc/x86_64-w64-mingw32/15.2.0/../../../../lib/libmsvcrt.a(libapi-ms-win-crt-runtime-l1-1-0t.o)
 .data          0x00000001400040a0        0x0 D:/code_and_stuff/tools/mingw/ucrt64/bin/../lib/gcc/x86_64-w64-mingw32/15.2.0/../../../../lib/libmsvcrt.a(libapi-ms-win-crt-private-l1-1-0s00012.o)
 .data          0x00000001400040a0        0x0 D:/code_and_stuff/tools/mingw/ucrt64/bin/../lib/gcc/x86_64-w64-mingw32/15.2.0/../../../../lib/libmsvcrt.a(libapi-ms-win-crt-private-l1-1-0s01088.o)
 .data          0x00000001400040a0        0x0 D:/code_and_stuff/tools/mingw/ucrt64/bin/../lib/gcc/x86_64-w64-mingw32/15.2.0/../../../../lib/libmsvcrt.a(libapi-ms-win-crt-private-l1-1-0h.o)
 .data          0x00000001400040a0        0x0 D:/code_and_stuff/tools/mingw/ucrt64/bin/../lib/gcc/x86_64-w64-mingw32/15.2.0/../../../../lib/libmsvcrt.a(libapi-ms-win-crt-private-l1-1-0t.o)
 .data          0x00000001400040a0        0x0 D:/code_and_stuff/tools/mingw/ucrt64/bin/../lib/gcc/x86_64-w64-mingw32/15.2.0/../../../../lib/libmsvcrt.a(libapi-ms-win-crt-math-l1-1-0s00009.o)
 .data          0x00000001400040a0        0x0 D:/code_and_stuff/tools/mingw/ucrt64/bin/../lib/gcc/x86_64-w64-mingw32/15.2.0/../../../../lib/libmsvcrt.a(libapi-ms-win-crt-math-l1-1-0h.o)
 .data          0x00000001400040a0        0x0 D:/code_and_stuff/tools/mingw/ucrt64/bin/../lib/gcc/x86_64-w64-mingw32/15.2.0/../../../../lib/libmsvcrt.a(libapi-ms-win-crt-math-l1-1-0t.o)
 .data          0x00000001400040a0        0x0 D:/code_and_stuff/tools/mingw/ucrt64/bin/../lib/gcc/x86_64-w64-mingw32/15.2.0/../../../../lib/libmsvcrt.a(libapi-ms-win-crt-locale-l1-1-0s00009.o)
 .data          0x00000001400040a0        0x0 D:/code_and_stuff/tools/mingw/ucrt64/bin/../lib/gcc/x86_64-w64-mingw32/15.2.0/../../../../lib/libmsvcrt.a(libapi-ms-win-crt-locale-l1-1-0h.o)
 .data          0x00000001400040a0        0x0 D:/code_and_stuff/tools/mingw/ucrt64/bin/../lib/gcc/x86_64-w64-mingw32/15.2.0/../../../../lib/libmsvcrt.a(libapi-ms-win-crt-locale-l1-1-0t.o)
 .data          0x00000001400040a0        0x0 D:/code_and_stuff/tools/mingw/ucrt64/bin/../lib/gcc/x86_64-w64-mingw32/15.2.0/../../../../lib/libmsvcrt.a(libapi-ms-win-crt-heap-l1-1-0s00023.o)
 .data          0x00000001400040a0        0x0 D:/code_and_stuff/tools/mingw/ucrt64/bin/../lib/gcc/x86_64-w64-mingw32/15.2.0/../../../../lib/libmsvcrt.a(libapi-ms-win-crt-heap-l1-1-0s00024.o)
 .data          0x00000001400040a0        0x0 D:/code_and_stuff/tools/mingw/ucrt64/bin/../lib/gcc/x86_64-w64-mingw32/15.2.0/../../../../lib/libmsvcrt.a(libapi-ms-win-crt-heap-l1-1-0s00025.o)
 .data          0x00000001400040a0        0x0 D:/code_and_stuff/tools/mingw/ucrt64/bin/../lib/gcc/x86_64-w64-mingw32/15.2.0/../../../../lib/libmsvcrt.a(libapi-ms-win-crt-heap-l1-1-0s00026.o)
 .data          0x00000001400040a0        0x0 D:/code_and_stuff/tools/mingw/ucrt64/bin/../lib/gcc/x86_64-w64-mingw32/15.2.0/../../../../lib/libmsvcrt.a(libapi-ms-win-crt-heap-l1-1-0s00027.o)
 .data          0x00000001400040a0        0x0 D:/code_and_stuff/tools/mingw/ucrt64/bin/../lib/gcc/x86_64-w64-mingw32/15.2.0/../../../../lib/libmsvcrt.a(libapi-ms-win-crt-heap-l1-1-0h.o)
 .data          0x00000001400040a0        0x0 D:/code_and_stuff/tools/mingw/ucrt64/bin/../lib/gcc/x86_64-w64-mingw32/15.2.0/../../../../lib/libmsvcrt.a(libapi-ms-win-crt-heap-l1-1-0t.o)
 .data          0x00000001400040a0        0x0 D:/code_and_stuff/tools/mingw/ucrt64/bin/../lib/gcc/x86_64-w64-mingw32/15.2.0/../../../../lib/libmsvcrt.a(libapi-ms-win-crt-environment-l1-1-0s00000.o)
 .data          0x00000001400040a0        0x0 D:/code_and_stuff/tools/mingw/ucrt64/bin/../lib/gcc/x86_64-w64-mingw32/15.2.0/../../../../lib/libmsvcrt.a(libapi-ms-win-crt-environment-l1-1-0h.o)
 .data          0x00000001400040a0        0x0 D:/code_and_stuff/tools/mingw/ucrt64/bin/../lib/gcc/x86_64-w64-mingw32/15.2.0/../../../../lib/libmsvcrt.a(libapi-ms-win-crt-environment-l1-1-0t.o)
 .data          0x00000001400040a0       0x10 D:/code_and_stuff/tools/mingw/ucrt64/bin/../lib/gcc/x86_64-w64-mingw32/15.2.0/../../../../lib/libmsvcrt.a(lib64_libucrt_extra_a-__initenv.o)
                0x00000001400040a0                __imp___initenv
 .data          0x00000001400040b0        0x0 D:/code_and_stuff/tools/mingw/ucrt64/bin/../lib/gcc/x86_64-w64-mingw32/15.2.0/../../../../lib/libkernel32.a(libkernel32s01535.o)
 .data          0x00000001400040b0        0x0 D:/code_and_stuff/tools/mingw/ucrt64/bin/../lib/gcc/x86_64-w64-mingw32/15.2.0/../../../../lib/libkernel32.a(libkernel32s01533.o)
 .data          0x00000001400040b0        0x0 D:/code_and_stuff/tools/mingw/ucrt64/bin/../lib/gcc/x86_64-w64-mingw32/15.2.0/../../../../lib/libkernel32.a(libkernel32s01485.o)
 .data          0x00000001400040b0        0x0 D:/code_and_stuff/tools/mingw/ucrt64/bin/../lib/gcc/x86_64-w64-mingw32/15.2.0/../../../../lib/libkernel32.a(libkernel32s01449.o)
 .data          0x00000001400040b0        0x0 D:/code_and_stuff/tools/mingw/ucrt64/bin/../lib/gcc/x86_64-w64-mingw32/15.2.0/../../../../lib/libkernel32.a(libkernel32s01433.o)
 .data          0x00000001400040b0        0x0 D:/code_and_stuff/tools/mingw/ucrt64/bin/../lib/gcc/x86_64-w64-mingw32/15.2.0/../../../../lib/libkernel32.a(libkernel32s01012.o)
 .data          0x00000001400040b0        0x0 D:/code_and_stuff/tools/mingw/ucrt64/bin/../lib/gcc/x86_64-w64-mingw32/15.2.0/../../../../lib/libkernel32.a(libkernel32s00918.o)
 .data          0x00000001400040b0        0x0 D:/code_and_stuff/tools/mingw/ucrt64/bin/../lib/gcc/x86_64-w64-mingw32/15.2.0/../../../../lib/libkernel32.a(libkernel32s00648.o)
 .data          0x00000001400040b0        0x0 D:/code_and_stuff/tools/mingw/ucrt64/bin/../lib/gcc/x86_64-w64-mingw32/15.2.0/../../../../lib/libkernel32.a(libkernel32s00333.o)
 .data          0x00000001400040b0        0x0 D:/code_and_stuff/tools/mingw/ucrt64/bin/../lib/gcc/x86_64-w64-mingw32/15.2.0/../../../../lib/libkernel32.a(libkernel32s00295.o)
 .data          0x00000001400040b0        0x0 D:/code_and_stuff/tools/mingw/ucrt64/bin/../lib/gcc/x86_64-w64-mingw32/15.2.0/../../../../lib/libkernel32.a(libkernel32h.o)
 .data          0x00000001400040b0        0x0 D:/code_and_stuff/tools/mingw/ucrt64/bin/../lib/gcc/x86_64-w64-mingw32/15.2.0/../../../../lib/libkernel32.a(libkernel32t.o)
 .data          0x00000001400040b0        0x0 D:/code_and_stuff/tools/mingw/ucrt64/bin/../lib/gcc/x86_64-w64-mingw32/15.2.0/crtend.o
 *(.data2)
 *(SORT_BY_NAME(.data$*))
 *(.jcr)
                0x00000001400040b0                __data_end__ = .
 *(.data_cygwin_nocopy)

.rdata          0x0000000140005000     0x1000
 *(.rdata)
 .rdata         0x0000000140005000      0x190 intermediates/objects/cliArgs.o
 .rdata         0x0000000140005190      0x150 intermediates/objects/dsa.o
 .rdata         0x00000001400052e0       0x20 intermediates/objects/structs.o
 .rdata         0x0000000140005300       0x60 D:/code_and_stuff/tools/mingw/ucrt64/bin/../lib/gcc/x86_64-w64-mingw32/15.2.0/../../../../lib/libmingw32.a(lib64_libmingw32_a-tlssup.o)
                0x0000000140005300                __dyn_tls_init_callback
                0x0000000140005320                _tls_used
 .rdata         0x0000000140005360      0x140 D:/code_and_stuff/tools/mingw/ucrt64/bin/../lib/gcc/x86_64-w64-mingw32/15.2.0/../../../../lib/libmingw32.a(lib64_libmingw32_a-merr.o)
 .rdata         0x00000001400054a0      0x160 D:/code_and_stuff/tools/mingw/ucrt64/bin/../lib/gcc/x86_64-w64-mingw32/15.2.0/../../../../lib/libmingw32.a(lib64_libmingw32_a-pseudo-reloc.o)
 .rdata         0x0000000140005600       0x30 D:/code_and_stuff/tools/mingw/ucrt64/bin/../lib/gcc/x86_64-w64-mingw32/15.2.0/../../../../lib/libmingw32.a(lib64_libmingw32_a-crt_handler.o)
 .rdata         0x0000000140005630       0x20 D:/code_and_stuff/tools/mingw/ucrt64/bin/../lib/gcc/x86_64-w64-mingw32/15.2.0/../../../../lib/libmsvcrt.a(lib64_libucrt_extra_a-ucrt_amsg_exit.o)
 *(SORT_BY_NAME(.rdata$*))
 .rdata$.refptr._CRT_MT
                0x0000000140005650       0x10 D:/code_and_stuff/tools/mingw/ucrt64/bin/../lib/gcc/x86_64-w64-mingw32/15.2.0/../../../../lib/libmingw32.a(lib64_libmingw32_a-tlssup.o)
                0x0000000140005650                .refptr._CRT_MT
 .rdata$.refptr._MINGW_INSTALL_DEBUG_MATHERR
                0x0000000140005660       0x10 D:/code_and_stuff/tools/mingw/ucrt64/bin/../lib/gcc/x86_64-w64-mingw32/15.2.0/../../../../lib/crt2.o
                0x0000000140005660                .refptr._MINGW_INSTALL_DEBUG_MATHERR
 .rdata$.refptr.__CTOR_LIST__
                0x0000000140005670       0x10 D:/code_and_stuff/tools/mingw/ucrt64/bin/../lib/gcc/x86_64-w64-mingw32/15.2.0/../../../../lib/libmingw32.a(lib64_libmingw32_a-gccmain.o)
                0x0000000140005670                .refptr.__CTOR_LIST__
 .rdata$.refptr.__ImageBase
                0x0000000140005680       0x10 D:/code_and_stuff/tools/mingw/ucrt64/bin/../lib/gcc/x86_64-w64-mingw32/15.2.0/../../../../lib/crt2.o
                0x0000000140005680                .refptr.__ImageBase
 .rdata$.refptr.__RUNTIME_PSEUDO_RELOC_LIST_END__
                0x0000000140005690       0x10 D:/code_and_stuff/tools/mingw/ucrt64/bin/../lib/gcc/x86_64-w64-mingw32/15.2.0/../../../../lib/libmingw32.a(lib64_libmingw32_a-pseudo-reloc.o)
                0x0000000140005690                .refptr.__RUNTIME_PSEUDO_RELOC_LIST_END__
 .rdata$.refptr.__RUNTIME_PSEUDO_RELOC_LIST__
                0x00000001400056a0       0x10 D:/code_and_stuff/tools/mingw/ucrt64/bin/../lib/gcc/x86_64-w64-mingw32/15.2.0/../../../../lib/libmingw32.a(lib64_libmingw32_a-pseudo-reloc.o)
                0x00000001400056a0                .refptr.__RUNTIME_PSEUDO_RELOC_LIST__
 .rdata$.refptr.__dyn_tls_init_callback
                0x00000001400056b0       0x10 D:/code_and_stuff/tools/mingw/ucrt64/bin/../lib/gcc/x86_64-w64-mingw32/15.2.0/../../../../lib/crt2.o
                0x00000001400056b0                .refptr.__dyn_tls_init_callback
 .rdata$.refptr.__globallocalestatus
                0x00000001400056c0       0x10 D:/code_and_stuff/tools/mingw/ucrt64/bin/../lib/gcc/x86_64-w64-mingw32/15.2.0/../../../../lib/crt2.o
                0x00000001400056c0                .refptr.__globallocalestatus
 .rdata$.refptr.__imp___initenv
                0x00000001400056d0       0x10 D:/code_and_stuff/tools/mingw/ucrt64/bin/../lib/gcc/x86_64-w64-mingw32/15.2.0/../../../../lib/libmsvcrt.a(lib64_libucrt_extra_a-__p___initenv.o)
                0x00000001400056d0                .refptr.__imp___initenv
 .rdata$.refptr.__mingw_app_type
                0x00000001400056e0       0x10 D:/code_and_stuff/tools/mingw/ucrt64/bin/../lib/gcc/x86_64-w64-mingw32/15.2.0/../../../../lib/crt2.o
                0x00000001400056e0                .refptr.__mingw_app_type
 .rdata$.refptr.__mingw_initltsdrot_force
                0x00000001400056f0       0x10 D:/code_and_stuff/tools/mingw/ucrt64/bin/../lib/gcc/x86_64-w64-mingw32/15.2.0/../../../../lib/crt2.o
                0x00000001400056f0                .refptr.__mingw_initltsdrot_force
 .rdata$.refptr.__mingw_initltsdyn_force
                0x0000000140005700       0x10 D:/code_and_stuff/tools/mingw/ucrt64/bin/../lib/gcc/x86_64-w64-mingw32/15.2.0/../../../../lib/crt2.o
                0x0000000140005700                .refptr.__mingw_initltsdyn_force
 .rdata$.refptr.__mingw_initltssuo_force
                0x0000000140005710       0x10 D:/code_and_stuff/tools/mingw/ucrt64/bin/../lib/gcc/x86_64-w64-mingw32/15.2.0/../../../../lib/crt2.o
                0x0000000140005710                .refptr.__mingw_initltssuo_force
 .rdata$.refptr.__mingw_oldexcpt_handler
                0x0000000140005720       0x10 D:/code_and_stuff/tools/mingw/ucrt64/bin/../lib/gcc/x86_64-w64-mingw32/15.2.0/../../../../lib/crt2.o
                0x0000000140005720                .refptr.__mingw_oldexcpt_handler
 .rdata$.refptr.__native_startup_lock
                0x0000000140005730       0x10 D:/code_and_stuff/tools/mingw/ucrt64/bin/../lib/gcc/x86_64-w64-mingw32/15.2.0/../../../../lib/crt2.o
                0x0000000140005730                .refptr.__native_startup_lock
 .rdata$.refptr.__native_startup_state
                0x0000000140005740       0x10 D:/code_and_stuff/tools/mingw/ucrt64/bin/../lib/gcc/x86_64-w64-mingw32/15.2.0/../../../../lib/crt2.o
                0x0000000140005740                .refptr.__native_startup_state
 .rdata$.refptr.__xc_a
                0x0000000140005750       0x10 D:/code_and_stuff/tools/mingw/ucrt64/bin/../lib/gcc/x86_64-w64-mingw32/15.2.0/../../../../lib/crt2.o
                0x0000000140005750                .refptr.__xc_a
 .rdata$.refptr.__xc_z
                0x0000000140005760       0x10 D:/code_and_stuff/tools/mingw/ucrt64/bin/../lib/gcc/x86_64-w64-mingw32/15.2.0/../../../../lib/crt2.o
                0x0000000140005760                .refptr.__xc_z
 .rdata$.refptr.__xi_a
                0x0000000140005770       0x10 D:/code_and_stuff/tools/mingw/ucrt64/bin/../lib/gcc/x86_64-w64-mingw32/15.2.0/../../../../lib/crt2.o
                0x0000000140005770                .refptr.__xi_a
 .rdata$.refptr.__xi_z
                0x0000000140005780       0x10 D:/code_and_stuff/tools/mingw/ucrt64/bin/../lib/gcc/x86_64-w64-mingw32/15.2.0/../../../../lib/crt2.o
                0x0000000140005780                .refptr.__xi_z
 .rdata$.refptr._commode
                0x0000000140005790       0x10 D:/code_and_stuff/tools/mingw/ucrt64/bin/../lib/gcc/x86_64-w64-mingw32/15.2.0/../../../../lib/crt2.o
                0x0000000140005790                .refptr._commode
 .rdata$.refptr._dowildcard
                0x00000001400057a0       0x10 D:/code_and_stuff/tools/mingw/ucrt64/bin/../lib/gcc/x86_64-w64-mingw32/15.2.0/../../../../lib/crt2.o
                0x00000001400057a0                .refptr._dowildcard
 .rdata$.refptr._fmode
                0x00000001400057b0       0x10 D:/code_and_stuff/tools/mingw/ucrt64/bin/../lib/gcc/x86_64-w64-mingw32/15.2.0/../../../../lib/crt2.o
                0x00000001400057b0                .refptr._fmode
 .rdata$.refptr._gnu_exception_handler
                0x00000001400057c0       0x10 D:/code_and_stuff/tools/mingw/ucrt64/bin/../lib/gcc/x86_64-w64-mingw32/15.2.0/../../../../lib/crt2.o
                0x00000001400057c0                .refptr._gnu_exception_handler
 .rdata$.refptr._matherr
                0x00000001400057d0       0x10 D:/code_and_stuff/tools/mingw/ucrt64/bin/../lib/gcc/x86_64-w64-mingw32/15.2.0/../../../../lib/crt2.o
                0x00000001400057d0                .refptr._matherr
 .rdata$.refptr._newmode
                0x00000001400057e0       0x10 D:/code_and_stuff/tools/mingw/ucrt64/bin/../lib/gcc/x86_64-w64-mingw32/15.2.0/../../../../lib/crt2.o
                0x00000001400057e0                .refptr._newmode
 .rdata$.refptr.treeHead
                0x00000001400057f0       0x10 intermediates/objects/cliArgs.o
                0x00000001400057f0                .refptr.treeHead
 .rdata$zzz     0x0000000140005800       0x30 D:/code_and_stuff/tools/mingw/ucrt64/bin/../lib/gcc/x86_64-w64-mingw32/15.2.0/../../../../lib/crt2.o
 .rdata$zzz     0x0000000140005830       0x30 D:/code_and_stuff/tools/mingw/ucrt64/bin/../lib/gcc/x86_64-w64-mingw32/15.2.0/crtbegin.o
 .rdata$zzz     0x0000000140005860       0x30 intermediates/objects/cliArgs.o
 .rdata$zzz     0x0000000140005890       0x30 intermediates/objects/dsa.o
 .rdata$zzz     0x00000001400058c0       0x30 intermediates/objects/morse.o
 .rdata$zzz     0x00000001400058f0       0x30 intermediates/objects/structs.o
 .rdata$zzz     0x0000000140005920       0x30 D:/code_and_stuff/tools/mingw/ucrt64/bin/../lib/gcc/x86_64-w64-mingw32/15.2.0/../../../../lib/libmingw32.a(lib64_libmingw32_a-gccmain.o)
 .rdata$zzz     0x0000000140005950       0x30 D:/code_and_stuff/tools/mingw/ucrt64/bin/../lib/gcc/x86_64-w64-mingw32/15.2.0/../../../../lib/libmingw32.a(lib64_libmingw32_a-natstart.o)
 .rdata$zzz     0x0000000140005980       0x30 D:/code_and_stuff/tools/mingw/ucrt64/bin/../lib/gcc/x86_64-w64-mingw32/15.2.0/../../../../lib/libmingw32.a(lib64_libmingw32_a-wildcard.o)
 .rdata$zzz     0x00000001400059b0       0x30 D:/code_and_stuff/tools/mingw/ucrt64/bin/../lib/gcc/x86_64-w64-mingw32/15.2.0/../../../../lib/libmingw32.a(lib64_libmingw32_a-dllargv.o)
 .rdata$zzz     0x00000001400059e0       0x30 D:/code_and_stuff/tools/mingw/ucrt64/bin/../lib/gcc/x86_64-w64-mingw32/15.2.0/../../../../lib/libmingw32.a(lib64_libmingw32_a-_newmode.o)
 .rdata$zzz     0x0000000140005a10       0x30 D:/code_and_stuff/tools/mingw/ucrt64/bin/../lib/gcc/x86_64-w64-mingw32/15.2.0/../../../../lib/libmingw32.a(lib64_libmingw32_a-tlssup.o)
 .rdata$zzz     0x0000000140005a40       0x30 D:/code_and_stuff/tools/mingw/ucrt64/bin/../lib/gcc/x86_64-w64-mingw32/15.2.0/../../../../lib/libmingw32.a(lib64_libmingw32_a-xncommod.o)
 .rdata$zzz     0x0000000140005a70       0x30 D:/code_and_stuff/tools/mingw/ucrt64/bin/../lib/gcc/x86_64-w64-mingw32/15.2.0/../../../../lib/libmingw32.a(lib64_libmingw32_a-cinitexe.o)
 .rdata$zzz     0x0000000140005aa0       0x30 D:/code_and_stuff/tools/mingw/ucrt64/bin/../lib/gcc/x86_64-w64-mingw32/15.2.0/../../../../lib/libmingw32.a(lib64_libmingw32_a-merr.o)
 .rdata$zzz     0x0000000140005ad0       0x30 D:/code_and_stuff/tools/mingw/ucrt64/bin/../lib/gcc/x86_64-w64-mingw32/15.2.0/../../../../lib/libmingw32.a(lib64_libmingw32_a-xthdloc.o)
 .rdata$zzz     0x0000000140005b00       0x30 D:/code_and_stuff/tools/mingw/ucrt64/bin/../lib/gcc/x86_64-w64-mingw32/15.2.0/../../../../lib/libmingw32.a(lib64_libmingw32_a-mingw_helpers.o)
 .rdata$zzz     0x0000000140005b30       0x30 D:/code_and_stuff/tools/mingw/ucrt64/bin/../lib/gcc/x86_64-w64-mingw32/15.2.0/../../../../lib/libmingw32.a(lib64_libmingw32_a-pseudo-reloc.o)
 .rdata$zzz     0x0000000140005b60       0x30 D:/code_and_stuff/tools/mingw/ucrt64/bin/../lib/gcc/x86_64-w64-mingw32/15.2.0/../../../../lib/libmingw32.a(lib64_libmingw32_a-usermatherr.o)
 .rdata$zzz     0x0000000140005b90       0x30 D:/code_and_stuff/tools/mingw/ucrt64/bin/../lib/gcc/x86_64-w64-mingw32/15.2.0/../../../../lib/libmingw32.a(lib64_libmingw32_a-xtxtmode.o)
 .rdata$zzz     0x0000000140005bc0       0x30 D:/code_and_stuff/tools/mingw/ucrt64/bin/../lib/gcc/x86_64-w64-mingw32/15.2.0/../../../../lib/libmingw32.a(lib64_libmingw32_a-crt_handler.o)
 .rdata$zzz     0x0000000140005bf0       0x30 D:/code_and_stuff/tools/mingw/ucrt64/bin/../lib/gcc/x86_64-w64-mingw32/15.2.0/../../../../lib/libmingw32.a(lib64_libmingw32_a-tlsthrd.o)
 .rdata$zzz     0x0000000140005c20       0x30 D:/code_and_stuff/tools/mingw/ucrt64/bin/../lib/gcc/x86_64-w64-mingw32/15.2.0/../../../../lib/libmingw32.a(lib64_libmingw32_a-tlsmcrt.o)
 .rdata$zzz     0x0000000140005c50       0x30 D:/code_and_stuff/tools/mingw/ucrt64/bin/../lib/gcc/x86_64-w64-mingw32/15.2.0/../../../../lib/libmingw32.a(lib64_libmingw32_a-CRT_fp10.o)
 .rdata$zzz     0x0000000140005c80       0x30 D:/code_and_stuff/tools/mingw/ucrt64/bin/../lib/gcc/x86_64-w64-mingw32/15.2.0/../../../../lib/libmingw32.a(lib64_libmingw32_a-pseudo-reloc-list.o)
 .rdata$zzz     0x0000000140005cb0       0x30 D:/code_and_stuff/tools/mingw/ucrt64/bin/../lib/gcc/x86_64-w64-mingw32/15.2.0/../../../../lib/libmingw32.a(lib64_libmingw32_a-pesect.o)
 .rdata$zzz     0x0000000140005ce0       0x30 D:/code_and_stuff/tools/mingw/ucrt64/bin/../lib/gcc/x86_64-w64-mingw32/15.2.0/libgcc.a(_ctors.o)
 .rdata$zzz     0x0000000140005d10       0x30 D:/code_and_stuff/tools/mingw/ucrt64/bin/../lib/gcc/x86_64-w64-mingw32/15.2.0/../../../../lib/libmingwex.a(lib64_libmingwex_a-mingw_matherr.o)
 .rdata$zzz     0x0000000140005d40       0x30 D:/code_and_stuff/tools/mingw/ucrt64/bin/../lib/gcc/x86_64-w64-mingw32/15.2.0/../../../../lib/libmsvcrt.a(lib64_libucrt_extra_a-ucrt_vfprintf.o)
 .rdata$zzz     0x0000000140005d70       0x30 D:/code_and_stuff/tools/mingw/ucrt64/bin/../lib/gcc/x86_64-w64-mingw32/15.2.0/../../../../lib/libmsvcrt.a(lib64_libucrt_extra_a-ucrt_scanf.o)
 .rdata$zzz     0x0000000140005da0       0x30 D:/code_and_stuff/tools/mingw/ucrt64/bin/../lib/gcc/x86_64-w64-mingw32/15.2.0/../../../../lib/libmsvcrt.a(lib64_libucrt_extra_a-ucrt_printf.o)
 .rdata$zzz     0x0000000140005dd0       0x30 D:/code_and_stuff/tools/mingw/ucrt64/bin/../lib/gcc/x86_64-w64-mingw32/15.2.0/../../../../lib/libmsvcrt.a(lib64_libucrt_extra_a-ucrt_fprintf.o)
 .rdata$zzz     0x0000000140005e00       0x30 D:/code_and_stuff/tools/mingw/ucrt64/bin/../lib/gcc/x86_64-w64-mingw32/15.2.0/../../../../lib/libmsvcrt.a(lib64_libucrt_extra_a-ucrt___local_stdio_scanf_options.o)
 .rdata$zzz     0x0000000140005e30       0x30 D:/code_and_stuff/tools/mingw/ucrt64/bin/../lib/gcc/x86_64-w64-mingw32/15.2.0/../../../../lib/libmsvcrt.a(lib64_libucrt_extra_a-ucrt___local_stdio_printf_options.o)
 .rdata$zzz     0x0000000140005e60       0x30 D:/code_and_stuff/tools/mingw/ucrt64/bin/../lib/gcc/x86_64-w64-mingw32/15.2.0/../../../../lib/libmsvcrt.a(lib64_libucrt_extra_a-__p___initenv.o)
 .rdata$zzz     0x0000000140005e90       0x30 D:/code_and_stuff/tools/mingw/ucrt64/bin/../lib/gcc/x86_64-w64-mingw32/15.2.0/../../../../lib/libmsvcrt.a(lib64_libucrt_extra_a-ucrt_amsg_exit.o)
 .rdata$zzz     0x0000000140005ec0       0x30 D:/code_and_stuff/tools/mingw/ucrt64/bin/../lib/gcc/x86_64-w64-mingw32/15.2.0/../../../../lib/libmsvcrt.a(lib64_libucrt_extra_a-ucrt__getmainargs.o)
 .rdata$zzz     0x0000000140005ef0       0x30 D:/code_and_stuff/tools/mingw/ucrt64/bin/../lib/gcc/x86_64-w64-mingw32/15.2.0/../../../../lib/libmsvcrt.a(lib64_libucrt_extra_a-__initenv.o)
 .rdata$zzz     0x0000000140005f20       0x30 D:/code_and_stuff/tools/mingw/ucrt64/bin/../lib/gcc/x86_64-w64-mingw32/15.2.0/crtend.o
                0x0000000140005f50                . = ALIGN (0x4)
                0x0000000140005f50                __rt_psrelocs_start = .
 *(.rdata_runtime_pseudo_reloc)
                0x0000000140005f50                __rt_psrelocs_end = .
                0x0000000140005f50                . = ALIGN (0x8)
                0x0000000140005f50                __DELAY_IMPORT_DIRECTORY_start__ = .
 SORT_BY_NAME(*)(.didat$2)
 SORT_BY_NAME(*)(.didat$3)
                0x0000000140005f50                __DELAY_IMPORT_DIRECTORY_end__ = .
                0x0000000140005f50                . = (. + (__DELAY_IMPORT_DIRECTORY_end__ - __DELAY_IMPORT_DIRECTORY_start__)?0x20:0x0)
                0x0000000140005f50                . = ALIGN (0x8)
 SORT_BY_NAME(*)(.didat$4)
 SORT_BY_NAME(*)(.didat$6)
 SORT_BY_NAME(*)(.didat$7)
                0x0000000140005f50                . = ALIGN (0x8)
                0x0000000140005f50                ___CTOR_LIST__ = .
                0x0000000140005f50                __CTOR_LIST__ = .
                0x0000000140005f50        0x4 LONG 0xffffffffffffffff
                0x0000000140005f54        0x4 LONG 0xffffffffffffffff
 *(.ctors)
 *(.ctor)
 *(SORT_BY_NAME(.ctors.*))
 .ctors.65535   0x0000000140005f58        0x8 D:/code_and_stuff/tools/mingw/ucrt64/bin/../lib/gcc/x86_64-w64-mingw32/15.2.0/crtend.o
                0x0000000140005f60        0x4 LONG 0x0
                0x0000000140005f64        0x4 LONG 0x0
                0x0000000140005f68                ___DTOR_LIST__ = .
                0x0000000140005f68                __DTOR_LIST__ = .
                0x0000000140005f68        0x4 LONG 0xffffffffffffffff
                0x0000000140005f6c        0x4 LONG 0xffffffffffffffff
 *(.dtors)
 *(.dtor)
 *(SORT_BY_NAME(.dtors.*))
                0x0000000140005f70        0x4 LONG 0x0
                0x0000000140005f74        0x4 LONG 0x0
                0x0000000140005f78                ___crt_xc_start__ = .
 *(SORT_BY_NAME(.CRT$XC*))
 .CRT$XCA       0x0000000140005f78        0x8 D:/code_and_stuff/tools/mingw/ucrt64/bin/../lib/gcc/x86_64-w64-mingw32/15.2.0/../../../../lib/libmingw32.a(lib64_libmingw32_a-cinitexe.o)
                0x0000000140005f78                __xc_a
 .CRT$XCZ       0x0000000140005f80        0x8 D:/code_and_stuff/tools/mingw/ucrt64/bin/../lib/gcc/x86_64-w64-mingw32/15.2.0/../../../../lib/libmingw32.a(lib64_libmingw32_a-cinitexe.o)
                0x0000000140005f80                __xc_z
                0x0000000140005f88                ___crt_xc_end__ = .
                0x0000000140005f88                ___crt_xi_start__ = .
 *(SORT_BY_NAME(.CRT$XI*))
 .CRT$XIA       0x0000000140005f88        0x8 D:/code_and_stuff/tools/mingw/ucrt64/bin/../lib/gcc/x86_64-w64-mingw32/15.2.0/../../../../lib/libmingw32.a(lib64_libmingw32_a-cinitexe.o)
                0x0000000140005f88                __xi_a
 .CRT$XIZ       0x0000000140005f90        0x8 D:/code_and_stuff/tools/mingw/ucrt64/bin/../lib/gcc/x86_64-w64-mingw32/15.2.0/../../../../lib/libmingw32.a(lib64_libmingw32_a-cinitexe.o)
                0x0000000140005f90                __xi_z
                0x0000000140005f98                ___crt_xi_end__ = .
                0x0000000140005f98                ___crt_xl_start__ = .
 *(SORT_BY_NAME(.CRT$XL*))
 .CRT$XLA       0x0000000140005f98        0x8 D:/code_and_stuff/tools/mingw/ucrt64/bin/../lib/gcc/x86_64-w64-mingw32/15.2.0/../../../../lib/libmingw32.a(lib64_libmingw32_a-tlssup.o)
                0x0000000140005f98                __xl_a
 .CRT$XLC       0x0000000140005fa0        0x8 D:/code_and_stuff/tools/mingw/ucrt64/bin/../lib/gcc/x86_64-w64-mingw32/15.2.0/../../../../lib/libmingw32.a(lib64_libmingw32_a-tlssup.o)
                0x0000000140005fa0                __xl_c
 .CRT$XLD       0x0000000140005fa8        0x8 D:/code_and_stuff/tools/mingw/ucrt64/bin/../lib/gcc/x86_64-w64-mingw32/15.2.0/../../../../lib/libmingw32.a(lib64_libmingw32_a-tlssup.o)
                0x0000000140005fa8                __xl_d
 .CRT$XLZ       0x0000000140005fb0        0x8 D:/code_and_stuff/tools/mingw/ucrt64/bin/../lib/gcc/x86_64-w64-mingw32/15.2.0/../../../../lib/libmingw32.a(lib64_libmingw32_a-tlssup.o)
                0x0000000140005fb0                __xl_z
                0x0000000140005fb8                ___crt_xp_start__ = .
 *(SORT_BY_NAME(.CRT$XP*))
                0x0000000140005fb8                ___crt_xp_end__ = .
                0x0000000140005fb8                ___crt_xt_start__ = .
 *(SORT_BY_NAME(.CRT$XT*))
                0x0000000140005fb8                ___crt_xt_end__ = .
                0x0000000140005fb8                ___crt_xd_start__ = .
 *(SORT_BY_NAME(.CRT$XD*))
 .CRT$XDA       0x0000000140005fb8        0x8 D:/code_and_stuff/tools/mingw/ucrt64/bin/../lib/gcc/x86_64-w64-mingw32/15.2.0/../../../../lib/libmingw32.a(lib64_libmingw32_a-tlssup.o)
 .CRT$XDZ       0x0000000140005fc0        0x8 D:/code_and_stuff/tools/mingw/ucrt64/bin/../lib/gcc/x86_64-w64-mingw32/15.2.0/../../../../lib/libmingw32.a(lib64_libmingw32_a-tlssup.o)
                0x0000000140005fc8                ___crt_xd_end__ = .
                0x0000000140005f50                ___RUNTIME_PSEUDO_RELOC_LIST_END__ = __rt_psrelocs_end
                0x0000000140005f50                __RUNTIME_PSEUDO_RELOC_LIST_END__ = __rt_psrelocs_end
                0x0000000140005f50                ___RUNTIME_PSEUDO_RELOC_LIST__ = __rt_psrelocs_start
                0x0000000140005f50                __RUNTIME_PSEUDO_RELOC_LIST__ = __rt_psrelocs_start

.eh_frame
 *(.eh_frame*)

.pdata          0x0000000140006000      0x400
 *(.pdata*)
 .pdata         0x0000000140006000       0x3c D:/code_and_stuff/tools/mingw/ucrt64/bin/../lib/gcc/x86_64-w64-mingw32/15.2.0/../../../../lib/crt2.o
 .pdata         0x000000014000603c       0x18 D:/code_and_stuff/tools/mingw/ucrt64/bin/../lib/gcc/x86_64-w64-mingw32/15.2.0/crtbegin.o
 .pdata         0x0000000140006054       0x30 intermediates/objects/cliArgs.o
 .pdata         0x0000000140006084       0xd8 intermediates/objects/dsa.o
 .pdata         0x000000014000615c       0x24 intermediates/objects/morse.o
 .pdata         0x0000000140006180       0x18 intermediates/objects/structs.o
 .pdata         0x0000000140006198       0x24 D:/code_and_stuff/tools/mingw/ucrt64/bin/../lib/gcc/x86_64-w64-mingw32/15.2.0/../../../../lib/libmingw32.a(lib64_libmingw32_a-gccmain.o)
 .pdata         0x00000001400061bc        0xc D:/code_and_stuff/tools/mingw/ucrt64/bin/../lib/gcc/x86_64-w64-mingw32/15.2.0/../../../../lib/libmingw32.a(lib64_libmingw32_a-dllargv.o)
 .pdata         0x00000001400061c8       0x24 D:/code_and_stuff/tools/mingw/ucrt64/bin/../lib/gcc/x86_64-w64-mingw32/15.2.0/../../../../lib/libmingw32.a(lib64_libmingw32_a-tlssup.o)
 .pdata         0x00000001400061ec        0xc D:/code_and_stuff/tools/mingw/ucrt64/bin/../lib/gcc/x86_64-w64-mingw32/15.2.0/../../../../lib/libmingw32.a(lib64_libmingw32_a-merr.o)
 .pdata         0x00000001400061f8       0x24 D:/code_and_stuff/tools/mingw/ucrt64/bin/../lib/gcc/x86_64-w64-mingw32/15.2.0/../../../../lib/libmingw32.a(lib64_libmingw32_a-pseudo-reloc.o)
 .pdata         0x000000014000621c       0x18 D:/code_and_stuff/tools/mingw/ucrt64/bin/../lib/gcc/x86_64-w64-mingw32/15.2.0/../../../../lib/libmingw32.a(lib64_libmingw32_a-usermatherr.o)
 .pdata         0x0000000140006234        0xc D:/code_and_stuff/tools/mingw/ucrt64/bin/../lib/gcc/x86_64-w64-mingw32/15.2.0/../../../../lib/libmingw32.a(lib64_libmingw32_a-crt_handler.o)
 .pdata         0x0000000140006240       0x30 D:/code_and_stuff/tools/mingw/ucrt64/bin/../lib/gcc/x86_64-w64-mingw32/15.2.0/../../../../lib/libmingw32.a(lib64_libmingw32_a-tlsthrd.o)
 .pdata         0x0000000140006270        0xc D:/code_and_stuff/tools/mingw/ucrt64/bin/../lib/gcc/x86_64-w64-mingw32/15.2.0/../../../../lib/libmingw32.a(lib64_libmingw32_a-CRT_fp10.o)
 .pdata         0x000000014000627c       0x6c D:/code_and_stuff/tools/mingw/ucrt64/bin/../lib/gcc/x86_64-w64-mingw32/15.2.0/../../../../lib/libmingw32.a(lib64_libmingw32_a-pesect.o)
 .pdata         0x00000001400062e8        0xc D:/code_and_stuff/tools/mingw/ucrt64/bin/../lib/gcc/x86_64-w64-mingw32/15.2.0/../../../../lib/libmsvcrt.a(lib64_libucrt_extra_a-ucrt_vfprintf.o)
 .pdata         0x00000001400062f4        0xc D:/code_and_stuff/tools/mingw/ucrt64/bin/../lib/gcc/x86_64-w64-mingw32/15.2.0/../../../../lib/libmsvcrt.a(lib64_libucrt_extra_a-ucrt_scanf.o)
 .pdata         0x0000000140006300        0xc D:/code_and_stuff/tools/mingw/ucrt64/bin/../lib/gcc/x86_64-w64-mingw32/15.2.0/../../../../lib/libmsvcrt.a(lib64_libucrt_extra_a-ucrt_printf.o)
 .pdata         0x000000014000630c        0xc D:/code_and_stuff/tools/mingw/ucrt64/bin/../lib/gcc/x86_64-w64-mingw32/15.2.0/../../../../lib/libmsvcrt.a(lib64_libucrt_extra_a-ucrt_fprintf.o)
 .pdata         0x0000000140006318        0xc D:/code_and_stuff/tools/mingw/ucrt64/bin/../lib/gcc/x86_64-w64-mingw32/15.2.0/../../../../lib/libmsvcrt.a(lib64_libucrt_extra_a-ucrt___local_stdio_scanf_options.o)
 .pdata         0x0000000140006324        0xc D:/code_and_stuff/tools/mingw/ucrt64/bin/../lib/gcc/x86_64-w64-mingw32/15.2.0/../../../../lib/libmsvcrt.a(lib64_libucrt_extra_a-ucrt___local_stdio_printf_options.o)
 .pdata         0x0000000140006330        0xc D:/code_and_stuff/tools/mingw/ucrt64/bin/../lib/gcc/x86_64-w64-mingw32/15.2.0/../../../../lib/libmsvcrt.a(lib64_libucrt_extra_a-__p___initenv.o)
 .pdata         0x000000014000633c        0xc D:/code_and_stuff/tools/mingw/ucrt64/bin/../lib/gcc/x86_64-w64-mingw32/15.2.0/../../../../lib/libmsvcrt.a(lib64_libucrt_extra_a-ucrt_amsg_exit.o)
 .pdata         0x0000000140006348        0xc D:/code_and_stuff/tools/mingw/ucrt64/bin/../lib/gcc/x86_64-w64-mingw32/15.2.0/../../../../lib/libmsvcrt.a(lib64_libucrt_extra_a-ucrt__getmainargs.o)
 .pdata.startup
                0x0000000140006354        0xc D:/code_and_stuff/tools/mingw/ucrt64/bin/../lib/gcc/x86_64-w64-mingw32/15.2.0/crtend.o

.xdata          0x0000000140007000      0x400
 *(.xdata*)
 .xdata         0x0000000140007000       0x60 D:/code_and_stuff/tools/mingw/ucrt64/bin/../lib/gcc/x86_64-w64-mingw32/15.2.0/../../../../lib/crt2.o
 .xdata         0x0000000140007060        0x8 D:/code_and_stuff/tools/mingw/ucrt64/bin/../lib/gcc/x86_64-w64-mingw32/15.2.0/crtbegin.o
 .xdata         0x0000000140007068       0x30 intermediates/objects/cliArgs.o
 .xdata         0x0000000140007098       0xd4 intermediates/objects/dsa.o
 .xdata         0x000000014000716c       0x24 intermediates/objects/morse.o
 .xdata         0x0000000140007190       0x18 intermediates/objects/structs.o
 .xdata         0x00000001400071a8       0x18 D:/code_and_stuff/tools/mingw/ucrt64/bin/../lib/gcc/x86_64-w64-mingw32/15.2.0/../../../../lib/libmingw32.a(lib64_libmingw32_a-gccmain.o)
 .xdata         0x00000001400071c0        0x4 D:/code_and_stuff/tools/mingw/ucrt64/bin/../lib/gcc/x86_64-w64-mingw32/15.2.0/../../../../lib/libmingw32.a(lib64_libmingw32_a-dllargv.o)
 .xdata         0x00000001400071c4       0x14 D:/code_and_stuff/tools/mingw/ucrt64/bin/../lib/gcc/x86_64-w64-mingw32/15.2.0/../../../../lib/libmingw32.a(lib64_libmingw32_a-tlssup.o)
 .xdata         0x00000001400071d8       0x18 D:/code_and_stuff/tools/mingw/ucrt64/bin/../lib/gcc/x86_64-w64-mingw32/15.2.0/../../../../lib/libmingw32.a(lib64_libmingw32_a-merr.o)
 .xdata         0x00000001400071f0       0x30 D:/code_and_stuff/tools/mingw/ucrt64/bin/../lib/gcc/x86_64-w64-mingw32/15.2.0/../../../../lib/libmingw32.a(lib64_libmingw32_a-pseudo-reloc.o)
 .xdata         0x0000000140007220        0xc D:/code_and_stuff/tools/mingw/ucrt64/bin/../lib/gcc/x86_64-w64-mingw32/15.2.0/../../../../lib/libmingw32.a(lib64_libmingw32_a-usermatherr.o)
 .xdata         0x000000014000722c        0x8 D:/code_and_stuff/tools/mingw/ucrt64/bin/../lib/gcc/x86_64-w64-mingw32/15.2.0/../../../../lib/libmingw32.a(lib64_libmingw32_a-crt_handler.o)
 .xdata         0x0000000140007234       0x28 D:/code_and_stuff/tools/mingw/ucrt64/bin/../lib/gcc/x86_64-w64-mingw32/15.2.0/../../../../lib/libmingw32.a(lib64_libmingw32_a-tlsthrd.o)
 .xdata         0x000000014000725c        0x4 D:/code_and_stuff/tools/mingw/ucrt64/bin/../lib/gcc/x86_64-w64-mingw32/15.2.0/../../../../lib/libmingw32.a(lib64_libmingw32_a-CRT_fp10.o)
 .xdata         0x0000000140007260       0x30 D:/code_and_stuff/tools/mingw/ucrt64/bin/../lib/gcc/x86_64-w64-mingw32/15.2.0/../../../../lib/libmingw32.a(lib64_libmingw32_a-pesect.o)
 .xdata         0x0000000140007290        0xc D:/code_and_stuff/tools/mingw/ucrt64/bin/../lib/gcc/x86_64-w64-mingw32/15.2.0/../../../../lib/libmsvcrt.a(lib64_libucrt_extra_a-ucrt_vfprintf.o)
 .xdata         0x000000014000729c        0xc D:/code_and_stuff/tools/mingw/ucrt64/bin/../lib/gcc/x86_64-w64-mingw32/15.2.0/../../../../lib/libmsvcrt.a(lib64_libucrt_extra_a-ucrt_scanf.o)
 .xdata         0x00000001400072a8        0xc D:/code_and_stuff/tools/mingw/ucrt64/bin/../lib/gcc/x86_64-w64-mingw32/15.2.0/../../../../lib/libmsvcrt.a(lib64_libucrt_extra_a-ucrt_printf.o)
 .xdata         0x00000001400072b4        0xc D:/code_and_stuff/tools/mingw/ucrt64/bin/../lib/gcc/x86_64-w64-mingw32/15.2.0/../../../../lib/libmsvcrt.a(lib64_libucrt_extra_a-ucrt_fprintf.o)
 .xdata         0x00000001400072c0        0x4 D:/code_and_stuff/tools/mingw/ucrt64/bin/../lib/gcc/x86_64-w64-mingw32/15.2.0/../../../../lib/libmsvcrt.a(lib64_libucrt_extra_a-ucrt___local_stdio_scanf_options.o)
 .xdata         0x00000001400072c4        0x4 D:/code_and_stuff/tools/mingw/ucrt64/bin/../lib/gcc/x86_64-w64-mingw32/15.2.0/../../../../lib/libmsvcrt.a(lib64_libucrt_extra_a-ucrt___local_stdio_printf_options.o)
 .xdata         0x00000001400072c8        0x4 D:/code_and_stuff/tools/mingw/ucrt64/bin/../lib/gcc/x86_64-w64-mingw32/15.2.0/../../../../lib/libmsvcrt.a(lib64_libucrt_extra_a-__p___initenv.o)
 .xdata         0x00000001400072cc        0x8 D:/code_and_stuff/tools/mingw/ucrt64/bin/../lib/gcc/x86_64-w64-mingw32/15.2.0/../../../../lib/libmsvcrt.a(lib64_libucrt_extra_a-ucrt_amsg_exit.o)
 .xdata         0x00000001400072d4       0x10 D:/code_and_stuff/tools/mingw/ucrt64/bin/../lib/gcc/x86_64-w64-mingw32/15.2.0/../../../../lib/libmsvcrt.a(lib64_libucrt_extra_a-ucrt__getmainargs.o)
 .xdata.startup
                0x00000001400072e4        0x4 D:/code_and_stuff/tools/mingw/ucrt64/bin/../lib/gcc/x86_64-w64-mingw32/15.2.0/crtend.o

.bss            0x0000000140008000      0x1a0
                0x0000000140008000                __bss_start__ = .
 *(.bss)
 .bss           0x0000000140008000       0x30 D:/code_and_stuff/tools/mingw/ucrt64/bin/../lib/gcc/x86_64-w64-mingw32/15.2.0/../../../../lib/crt2.o
                0x0000000140008000                __mingw_module_is_dll
 .bss           0x0000000140008030        0x0 D:/code_and_stuff/tools/mingw/ucrt64/bin/../lib/gcc/x86_64-w64-mingw32/15.2.0/crtbegin.o
 .bss           0x0000000140008030        0x0 intermediates/objects/cliArgs.o
 .bss           0x0000000140008030        0x0 intermediates/objects/dsa.o
 .bss           0x0000000140008030       0x10 intermediates/objects/morse.o
                0x0000000140008030                treeHead
 .bss           0x0000000140008040        0x0 intermediates/objects/structs.o
 .bss           0x0000000140008040       0x10 D:/code_and_stuff/tools/mingw/ucrt64/bin/../lib/gcc/x86_64-w64-mingw32/15.2.0/../../../../lib/libmingw32.a(lib64_libmingw32_a-gccmain.o)
 .bss           0x0000000140008050       0x10 D:/code_and_stuff/tools/mingw/ucrt64/bin/../lib/gcc/x86_64-w64-mingw32/15.2.0/../../../../lib/libmingw32.a(lib64_libmingw32_a-natstart.o)
                0x0000000140008050                __native_startup_lock
                0x0000000140008058                __native_startup_state
 .bss           0x0000000140008060       0x10 D:/code_and_stuff/tools/mingw/ucrt64/bin/../lib/gcc/x86_64-w64-mingw32/15.2.0/../../../../lib/libmingw32.a(lib64_libmingw32_a-wildcard.o)
                0x0000000140008060                _dowildcard
 .bss           0x0000000140008070        0x0 D:/code_and_stuff/tools/mingw/ucrt64/bin/../lib/gcc/x86_64-w64-mingw32/15.2.0/../../../../lib/libmingw32.a(lib64_libmingw32_a-dllargv.o)
 .bss           0x0000000140008070       0x10 D:/code_and_stuff/tools/mingw/ucrt64/bin/../lib/gcc/x86_64-w64-mingw32/15.2.0/../../../../lib/libmingw32.a(lib64_libmingw32_a-_newmode.o)
                0x0000000140008070                _newmode
 .bss           0x0000000140008080       0x10 D:/code_and_stuff/tools/mingw/ucrt64/bin/../lib/gcc/x86_64-w64-mingw32/15.2.0/../../../../lib/libmingw32.a(lib64_libmingw32_a-tlssup.o)
                0x0000000140008080                __mingw_initltssuo_force
                0x0000000140008084                __mingw_initltsdyn_force
                0x0000000140008088                __mingw_initltsdrot_force
                0x000000014000808c                _tls_index
 .bss           0x0000000140008090       0x10 D:/code_and_stuff/tools/mingw/ucrt64/bin/../lib/gcc/x86_64-w64-mingw32/15.2.0/../../../../lib/libmingw32.a(lib64_libmingw32_a-xncommod.o)
                0x0000000140008090                _commode
 .bss           0x00000001400080a0        0x0 D:/code_and_stuff/tools/mingw/ucrt64/bin/../lib/gcc/x86_64-w64-mingw32/15.2.0/../../../../lib/libmingw32.a(lib64_libmingw32_a-cinitexe.o)
 .bss           0x00000001400080a0        0x0 D:/code_and_stuff/tools/mingw/ucrt64/bin/../lib/gcc/x86_64-w64-mingw32/15.2.0/../../../../lib/libmingw32.a(lib64_libmingw32_a-merr.o)
 .bss           0x00000001400080a0        0x0 D:/code_and_stuff/tools/mingw/ucrt64/bin/../lib/gcc/x86_64-w64-mingw32/15.2.0/../../../../lib/libmingw32.a(lib64_libmingw32_a-xthdloc.o)
 .bss           0x00000001400080a0       0x10 D:/code_and_stuff/tools/mingw/ucrt64/bin/../lib/gcc/x86_64-w64-mingw32/15.2.0/../../../../lib/libmingw32.a(lib64_libmingw32_a-mingw_helpers.o)
                0x00000001400080a0                __mingw_app_type
 .bss           0x00000001400080b0       0x10 D:/code_and_stuff/tools/mingw/ucrt64/bin/../lib/gcc/x86_64-w64-mingw32/15.2.0/../../../../lib/libmingw32.a(lib64_libmingw32_a-pseudo-reloc.o)
 .bss           0x00000001400080c0       0x10 D:/code_and_stuff/tools/mingw/ucrt64/bin/../lib/gcc/x86_64-w64-mingw32/15.2.0/../../../../lib/libmingw32.a(lib64_libmingw32_a-usermatherr.o)
 .bss           0x00000001400080d0       0x10 D:/code_and_stuff/tools/mingw/ucrt64/bin/../lib/gcc/x86_64-w64-mingw32/15.2.0/../../../../lib/libmingw32.a(lib64_libmingw32_a-xtxtmode.o)
                0x00000001400080d0                _fmode
 .bss           0x00000001400080e0       0x10 D:/code_and_stuff/tools/mingw/ucrt64/bin/../lib/gcc/x86_64-w64-mingw32/15.2.0/../../../../lib/libmingw32.a(lib64_libmingw32_a-crt_handler.o)
                0x00000001400080e0                __mingw_oldexcpt_handler
 *fill*         0x00000001400080f0       0x10 
 .bss           0x0000000140008100       0x60 D:/code_and_stuff/tools/mingw/ucrt64/bin/../lib/gcc/x86_64-w64-mingw32/15.2.0/../../../../lib/libmingw32.a(lib64_libmingw32_a-tlsthrd.o)
 .bss           0x0000000140008160        0x0 D:/code_and_stuff/tools/mingw/ucrt64/bin/../lib/gcc/x86_64-w64-mingw32/15.2.0/../../../../lib/libmingw32.a(lib64_libmingw32_a-tlsmcrt.o)
 .bss           0x0000000140008160        0x0 D:/code_and_stuff/tools/mingw/ucrt64/bin/../lib/gcc/x86_64-w64-mingw32/15.2.0/../../../../lib/libmingw32.a(lib64_libmingw32_a-CRT_fp10.o)
 .bss           0x0000000140008160       0x10 D:/code_and_stuff/tools/mingw/ucrt64/bin/../lib/gcc/x86_64-w64-mingw32/15.2.0/../../../../lib/libmingw32.a(lib64_libmingw32_a-pseudo-reloc-list.o)
 .bss           0x0000000140008170        0x0 D:/code_and_stuff/tools/mingw/ucrt64/bin/../lib/gcc/x86_64-w64-mingw32/15.2.0/../../../../lib/libmingw32.a(lib64_libmingw32_a-pesect.o)
 .bss           0x0000000140008170        0x0 D:/code_and_stuff/tools/mingw/ucrt64/bin/../lib/gcc/x86_64-w64-mingw32/15.2.0/libgcc.a(_chkstk_ms.o)
 .bss           0x0000000140008170       0x20 D:/code_and_stuff/tools/mingw/ucrt64/bin/../lib/gcc/x86_64-w64-mingw32/15.2.0/libgcc.a(_ctors.o)
 .bss           0x0000000140008190        0x0 D:/code_and_stuff/tools/mingw/ucrt64/bin/../lib/gcc/x86_64-w64-mingw32/15.2.0/../../../../lib/libmingwex.a(lib64_libmingwex_a-mingw_matherr.o)
 .bss           0x0000000140008190        0x0 D:/code_and_stuff/tools/mingw/ucrt64/bin/../lib/gcc/x86_64-w64-mingw32/15.2.0/../../../../lib/libmsvcrt.a(lib64_libucrt_extra_a-ucrt_vfprintf.o)
 .bss           0x0000000140008190        0x0 D:/code_and_stuff/tools/mingw/ucrt64/bin/../lib/gcc/x86_64-w64-mingw32/15.2.0/../../../../lib/libmsvcrt.a(lib64_libucrt_extra_a-ucrt_scanf.o)
 .bss           0x0000000140008190        0x0 D:/code_and_stuff/tools/mingw/ucrt64/bin/../lib/gcc/x86_64-w64-mingw32/15.2.0/../../../../lib/libmsvcrt.a(lib64_libucrt_extra_a-ucrt_printf.o)
 .bss           0x0000000140008190        0x0 D:/code_and_stuff/tools/mingw/ucrt64/bin/../lib/gcc/x86_64-w64-mingw32/15.2.0/../../../../lib/libmsvcrt.a(lib64_libucrt_extra_a-ucrt_fprintf.o)
 .bss           0x0000000140008190        0x0 D:/code_and_stuff/tools/mingw/ucrt64/bin/../lib/gcc/x86_64-w64-mingw32/15.2.0/../../../../lib/libmsvcrt.a(lib64_libucrt_extra_a-ucrt___local_stdio_scanf_options.o)
 .bss           0x0000000140008190        0x0 D:/code_and_stuff/tools/mingw/ucrt64/bin/../lib/gcc/x86_64-w64-mingw32/15.2.0/../../../../lib/libmsvcrt.a(lib64_libucrt_extra_a-ucrt___local_stdio_printf_options.o)
 .bss           0x0000000140008190        0x0 D:/code_and_stuff/tools/mingw/ucrt64/bin/../lib/gcc/x86_64-w64-mingw32/15.2.0/../../../../lib/libmsvcrt.a(lib64_libucrt_extra_a-__p___initenv.o)
 .bss           0x0000000140008190        0x0 D:/code_and_stuff/tools/mingw/ucrt64/bin/../lib/gcc/x86_64-w64-mingw32/15.2.0/../../../../lib/libmsvcrt.a(lib64_libucrt_extra_a-ucrt_amsg_exit.o)
 .bss           0x0000000140008190        0x0 D:/code_and_stuff/tools/mingw/ucrt64/bin/../lib/gcc/x86_64-w64-mingw32/15.2.0/../../../../lib/libmsvcrt.a(lib64_libucrt_extra_a-ucrt__getmainargs.o)
 .bss           0x0000000140008190        0x0 D:/code_and_stuff/tools/mingw/ucrt64/bin/../lib/gcc/x86_64-w64-mingw32/15.2.0/../../../../lib/libmsvcrt.a(libapi-ms-win-crt-string-l1-1-0s00138.o)
 .bss           0x0000000140008190        0x0 D:/code_and_stuff/tools/mingw/ucrt64/bin/../lib/gcc/x86_64-w64-mingw32/15.2.0/../../../../lib/libmsvcrt.a(libapi-ms-win-crt-string-l1-1-0s00162.o)
 .bss           0x0000000140008190        0x0 D:/code_and_stuff/tools/mingw/ucrt64/bin/../lib/gcc/x86_64-w64-mingw32/15.2.0/../../../../lib/libmsvcrt.a(libapi-ms-win-crt-string-l1-1-0s00164.o)
 .bss           0x0000000140008190        0x0 D:/code_and_stuff/tools/mingw/ucrt64/bin/../lib/gcc/x86_64-w64-mingw32/15.2.0/../../../../lib/libmsvcrt.a(libapi-ms-win-crt-string-l1-1-0s00167.o)
 .bss           0x0000000140008190        0x0 D:/code_and_stuff/tools/mingw/ucrt64/bin/../lib/gcc/x86_64-w64-mingw32/15.2.0/../../../../lib/libmsvcrt.a(libapi-ms-win-crt-string-l1-1-0s00170.o)
 .bss           0x0000000140008190        0x0 D:/code_and_stuff/tools/mingw/ucrt64/bin/../lib/gcc/x86_64-w64-mingw32/15.2.0/../../../../lib/libmsvcrt.a(libapi-ms-win-crt-string-l1-1-0s00176.o)
 .bss           0x0000000140008190        0x0 D:/code_and_stuff/tools/mingw/ucrt64/bin/../lib/gcc/x86_64-w64-mingw32/15.2.0/../../../../lib/libmsvcrt.a(libapi-ms-win-crt-string-l1-1-0h.o)
 .bss           0x0000000140008190        0x0 D:/code_and_stuff/tools/mingw/ucrt64/bin/../lib/gcc/x86_64-w64-mingw32/15.2.0/../../../../lib/libmsvcrt.a(libapi-ms-win-crt-string-l1-1-0t.o)
 .bss           0x0000000140008190        0x0 D:/code_and_stuff/tools/mingw/ucrt64/bin/../lib/gcc/x86_64-w64-mingw32/15.2.0/../../../../lib/libmsvcrt.a(libapi-ms-win-crt-stdio-l1-1-0s00000.o)
 .bss           0x0000000140008190        0x0 D:/code_and_stuff/tools/mingw/ucrt64/bin/../lib/gcc/x86_64-w64-mingw32/15.2.0/../../../../lib/libmsvcrt.a(libapi-ms-win-crt-stdio-l1-1-0s00001.o)
 .bss           0x0000000140008190        0x0 D:/code_and_stuff/tools/mingw/ucrt64/bin/../lib/gcc/x86_64-w64-mingw32/15.2.0/../../../../lib/libmsvcrt.a(libapi-ms-win-crt-stdio-l1-1-0s00002.o)
 .bss           0x0000000140008190        0x0 D:/code_and_stuff/tools/mingw/ucrt64/bin/../lib/gcc/x86_64-w64-mingw32/15.2.0/../../../../lib/libmsvcrt.a(libapi-ms-win-crt-stdio-l1-1-0s00003.o)
 .bss           0x0000000140008190        0x0 D:/code_and_stuff/tools/mingw/ucrt64/bin/../lib/gcc/x86_64-w64-mingw32/15.2.0/../../../../lib/libmsvcrt.a(libapi-ms-win-crt-stdio-l1-1-0s00006.o)
 .bss           0x0000000140008190        0x0 D:/code_and_stuff/tools/mingw/ucrt64/bin/../lib/gcc/x86_64-w64-mingw32/15.2.0/../../../../lib/libmsvcrt.a(libapi-ms-win-crt-stdio-l1-1-0s00152.o)
 .bss           0x0000000140008190        0x0 D:/code_and_stuff/tools/mingw/ucrt64/bin/../lib/gcc/x86_64-w64-mingw32/15.2.0/../../../../lib/libmsvcrt.a(libapi-ms-win-crt-stdio-l1-1-0s00156.o)
 .bss           0x0000000140008190        0x0 D:/code_and_stuff/tools/mingw/ucrt64/bin/../lib/gcc/x86_64-w64-mingw32/15.2.0/../../../../lib/libmsvcrt.a(libapi-ms-win-crt-stdio-l1-1-0s00159.o)
 .bss           0x0000000140008190        0x0 D:/code_and_stuff/tools/mingw/ucrt64/bin/../lib/gcc/x86_64-w64-mingw32/15.2.0/../../../../lib/libmsvcrt.a(libapi-ms-win-crt-stdio-l1-1-0s00162.o)
 .bss           0x0000000140008190        0x0 D:/code_and_stuff/tools/mingw/ucrt64/bin/../lib/gcc/x86_64-w64-mingw32/15.2.0/../../../../lib/libmsvcrt.a(libapi-ms-win-crt-stdio-l1-1-0s00179.o)
 .bss           0x0000000140008190        0x0 D:/code_and_stuff/tools/mingw/ucrt64/bin/../lib/gcc/x86_64-w64-mingw32/15.2.0/../../../../lib/libmsvcrt.a(libapi-ms-win-crt-stdio-l1-1-0s00188.o)
 .bss           0x0000000140008190        0x0 D:/code_and_stuff/tools/mingw/ucrt64/bin/../lib/gcc/x86_64-w64-mingw32/15.2.0/../../../../lib/libmsvcrt.a(libapi-ms-win-crt-stdio-l1-1-0s00189.o)
 .bss           0x0000000140008190        0x0 D:/code_and_stuff/tools/mingw/ucrt64/bin/../lib/gcc/x86_64-w64-mingw32/15.2.0/../../../../lib/libmsvcrt.a(libapi-ms-win-crt-stdio-l1-1-0h.o)
 .bss           0x0000000140008190        0x0 D:/code_and_stuff/tools/mingw/ucrt64/bin/../lib/gcc/x86_64-w64-mingw32/15.2.0/../../../../lib/libmsvcrt.a(libapi-ms-win-crt-stdio-l1-1-0t.o)
 .bss           0x0000000140008190        0x0 D:/code_and_stuff/tools/mingw/ucrt64/bin/../lib/gcc/x86_64-w64-mingw32/15.2.0/../../../../lib/libmsvcrt.a(libapi-ms-win-crt-runtime-l1-1-0s00004.o)